[train_readout] recording 33,057 cells {'dn': 1314, 'vp': 9201, 'cx': 2950, 'mbon': 97, 't4': 6865, 't5': 6720, 'kc': 4064, 'an': 1846} per 15-step turn; explore 0.5 (readout acts); seeds from 40000
[train_readout] game   10 seed 40009  lost    safe 51/71 turns  50 overrides  14 | turns so far 355 (40.7/s)
[train_readout] game   20 seed 40019  lost    safe 49/71 turns  59 overrides  16 | turns so far 659 (40.5/s)
[train_readout] game   30 seed 40029  lost    safe 49/71 turns  30 overrides   8 | turns so far 850 (39.7/s)
[train_readout] game   40 seed 40039  lost    safe 50/71 turns  24 overrides   8 | turns so far 1,098 (38.6/s)
[train_readout] game   50 seed 40049  lost    safe 35/71 turns  13 overrides   3 | turns so far 1,324 (37.9/s)
[train_readout] game   60 seed 40059  lost    safe 55/71 turns  25 overrides   5 | turns so far 1,461 (37.5/s)
[train_readout] game   70 seed 40069  lost    safe 55/71 turns  37 overrides  11 | turns so far 1,744 (37.4/s)
[train_readout] game   80 seed 40079  lost    safe 64/71 turns  44 overrides  19 | turns so far 2,121 (37.0/s)
[train_readout] game   90 seed 40089  lost    safe 64/71 turns  43 overrides  14 | turns so far 2,484 (36.7/s)
[train_readout] game  100 seed 40099  lost    safe 64/71 turns  27 overrides   9 | turns so far 2,820 (36.5/s)
[train_readout] game  110 seed 40109  lost    safe 37/71 turns   9 overrides   2 | turns so far 3,043 (36.6/s)
[train_readout] game  120 seed 40119  lost    safe 64/71 turns  52 overrides  12 | turns so far 3,301 (36.7/s)
[train_readout] game  130 seed 40129  lost    safe 46/71 turns  44 overrides  14 | turns so far 3,614 (36.9/s)
[train_readout] game  140 seed 40139  lost    safe 56/71 turns  13 overrides   3 | turns so far 3,938 (37.1/s)
[train_readout] game  150 seed 40149  lost    safe 50/71 turns  23 overrides   6 | turns so far 4,380 (37.3/s)
[train_readout] game  160 seed 40159  lost    safe 70/71 turns  68 overrides  20 | turns so far 4,675 (37.4/s)
[train_readout] game  170 seed 40169  lost    safe 30/71 turns   5 overrides   2 | turns so far 4,931 (37.4/s)
[train_readout] game  180 seed 40179  won     safe 71/71 turns  56 overrides  16 | turns so far 5,228 (37.4/s)
[train_readout] game  190 seed 40189  lost    safe 54/71 turns  10 overrides   2 | turns so far 5,527 (37.5/s)
[train_readout] game  200 seed 40199  lost    safe 55/71 turns  26 overrides   5 | turns so far 5,759 (37.5/s)
[train_readout] game  210 seed 40209  lost    safe 64/71 turns  34 overrides   9 | turns so far 6,087 (37.5/s)
[train_readout] game  220 seed 40219  lost    safe 61/71 turns  64 overrides  18 | turns so far 6,496 (37.6/s)
[train_readout] game  230 seed 40229  lost    safe 56/71 turns  37 overrides  13 | turns so far 6,742 (37.6/s)
[train_readout] game  240 seed 40239  lost    safe 67/71 turns  72 overrides  19 | turns so far 7,073 (37.4/s)
[train_readout] game  250 seed 40249  lost    safe 42/71 turns  28 overrides   7 | turns so far 7,480 (37.6/s)
[train_readout] game  260 seed 40259  lost    safe 60/71 turns   8 overrides   3 | turns so far 7,744 (37.7/s)
[train_readout] game  270 seed 40269  lost    safe 61/71 turns  23 overrides   6 | turns so far 7,989 (37.7/s)
[train_readout] game  280 seed 40279  lost    safe 54/71 turns   8 overrides   2 | turns so far 8,257 (37.8/s)
[train_readout] game  290 seed 40289  lost    safe 49/71 turns  12 overrides   2 | turns so far 8,698 (37.9/s)
[train_readout] game  300 seed 40299  won     safe 71/71 turns 126 overrides  36 | turns so far 9,095 (38.0/s)
[train_readout] game  310 seed 40309  lost    safe 69/71 turns  57 overrides  18 | turns so far 9,580 (38.3/s)
[train_readout] game  320 seed 40319  lost    safe 68/71 turns  38 overrides  18 | turns so far 9,984 (38.4/s)
[train_readout] game  330 seed 40329  lost    safe 60/71 turns  14 overrides   3 | turns so far 10,248 (38.5/s)
[train_readout] game  340 seed 40339  lost    safe 62/71 turns  17 overrides   5 | turns so far 10,631 (38.6/s)
[train_readout] game  350 seed 40349  lost    safe 60/71 turns  14 overrides   4 | turns so far 10,911 (38.6/s)
[train_readout] game  360 seed 40359  lost    safe 66/71 turns  27 overrides  12 | turns so far 11,185 (38.6/s)
[train_readout] game  370 seed 40369  lost    safe 66/71 turns  46 overrides  14 | turns so far 11,566 (38.5/s)
[train_readout] game  380 seed 40379  lost    safe 56/71 turns  25 overrides   8 | turns so far 11,736 (38.3/s)
[train_readout] game  390 seed 40389  lost    safe 69/71 turns  49 overrides  13 | turns so far 11,933 (38.2/s)
[train_readout] game  400 seed 40399  lost    safe 52/71 turns  29 overrides   9 | turns so far 12,148 (38.1/s)
[train_readout] game  410 seed 40409  lost    safe 33/71 turns  11 overrides   2 | turns so far 12,431 (38.2/s)
[train_readout] game  420 seed 40419  lost    safe 52/71 turns  56 overrides  15 | turns so far 12,745 (38.3/s)
[train_readout] game  430 seed 40429  lost    safe 54/71 turns  32 overrides   9 | turns so far 12,990 (38.3/s)
[train_readout] game  440 seed 40439  lost    safe 60/71 turns  53 overrides  19 | turns so far 13,359 (38.4/s)
[train_readout] game  450 seed 40449  lost    safe 64/71 turns  23 overrides   8 | turns so far 13,584 (38.5/s)
[train_readout] game  460 seed 40459  lost    safe 67/71 turns  37 overrides   9 | turns so far 13,812 (38.6/s)
[train_readout] game  470 seed 40469  lost    safe 70/71 turns  41 overrides   8 | turns so far 14,191 (38.7/s)
[train_readout] game  480 seed 40479  lost    safe 62/71 turns  19 overrides   8 | turns so far 14,465 (38.7/s)
[train_readout] game  490 seed 40489  lost    safe 55/71 turns  14 overrides   2 | turns so far 14,794 (38.8/s)
[train_readout] game  500 seed 40499  lost    safe 58/71 turns   9 overrides   1 | turns so far 15,102 (38.9/s)
[train_readout] game  510 seed 40509  lost    safe 70/71 turns  36 overrides  16 | turns so far 15,429 (39.0/s)
[train_readout] game  520 seed 40519  lost    safe 53/71 turns  43 overrides  16 | turns so far 15,753 (39.1/s)
[train_readout] game  527 seed 40526  lost    safe 65/71 turns  82 overrides  17 | turns so far 16,039 (39.1/s)
[train_readout] saved 16,039 turns from 527 games (seeds 40000..40526) to outputs/training/run3_ego_dagger in 409.8s; teacher actions {'up': 4064, 'down': 2655, 'left': 2552, 'right': 3205, 'reveal': 3541, 'jump': 22}
