[train_readout] recording 33,057 cells {'dn': 1314, 'vp': 9201, 'cx': 2950, 'mbon': 97, 't4': 6865, 't5': 6720, 'kc': 4064, 'an': 1846} per 15-step turn; explore 0.25 (pool decoder acts); seeds from 20000
[train_readout] game   10 seed 20009  won     safe 71/71 turns  53 overrides  30 | turns so far 823 (42.2/s)
[train_readout] game   20 seed 20019  won     safe 71/71 turns  83 overrides  55 | turns so far 1,459 (41.9/s)
[train_readout] game   30 seed 20029  lost    safe 65/71 turns  57 overrides  34 | turns so far 2,199 (41.8/s)
[train_readout] game   40 seed 20039  won     safe 71/71 turns  61 overrides  39 | turns so far 2,887 (41.9/s)
[train_readout] game   50 seed 20049  won     safe 71/71 turns 102 overrides  65 | turns so far 3,637 (41.6/s)
[train_readout] game   60 seed 20059  won     safe 71/71 turns  70 overrides  45 | turns so far 4,304 (40.8/s)
[train_readout] game   70 seed 20069  won     safe 71/71 turns 110 overrides  82 | turns so far 5,049 (40.4/s)
[train_readout] game   80 seed 20079  won     safe 71/71 turns  91 overrides  65 | turns so far 5,748 (40.3/s)
[train_readout] game   90 seed 20089  lost    safe 50/71 turns  39 overrides  21 | turns so far 6,462 (40.3/s)
[train_readout] game  100 seed 20099  won     safe 71/71 turns 129 overrides  79 | turns so far 7,279 (40.5/s)
[train_readout] game  110 seed 20109  lost    safe 70/71 turns 113 overrides  77 | turns so far 7,840 (40.6/s)
[train_readout] game  120 seed 20119  lost    safe 70/71 turns  26 overrides  17 | turns so far 8,578 (40.2/s)
[train_readout] game  130 seed 20129  lost    safe 67/71 turns  43 overrides  30 | turns so far 9,181 (39.6/s)
[train_readout] game  140 seed 20139  won     safe 71/71 turns  72 overrides  49 | turns so far 9,833 (39.3/s)
[train_readout] game  150 seed 20149  won     safe 71/71 turns 125 overrides  79 | turns so far 10,476 (39.1/s)
[train_readout] game  160 seed 20159  won     safe 71/71 turns  87 overrides  58 | turns so far 11,223 (38.8/s)
[train_readout] game  170 seed 20169  won     safe 71/71 turns 127 overrides  88 | turns so far 12,037 (38.4/s)
[train_readout] game  180 seed 20179  won     safe 71/71 turns 109 overrides  68 | turns so far 12,704 (37.6/s)
[train_readout] game  190 seed 20189  won     safe 71/71 turns 109 overrides  72 | turns so far 13,358 (37.6/s)
[train_readout] game  200 seed 20199  won     safe 71/71 turns  60 overrides  44 | turns so far 14,125 (37.8/s)
[train_readout] game  210 seed 20209  lost    safe 70/71 turns  50 overrides  31 | turns so far 14,697 (38.0/s)
[train_readout] game  220 seed 20219  won     safe 71/71 turns 117 overrides  75 | turns so far 15,423 (38.2/s)
[train_readout] game  230 seed 20229  won     safe 71/71 turns  66 overrides  49 | turns so far 16,030 (38.3/s)
[train_readout] game  240 seed 20239  won     safe 71/71 turns  44 overrides  28 | turns so far 16,667 (38.4/s)
[train_readout] game  250 seed 20249  won     safe 71/71 turns  56 overrides  44 | turns so far 17,304 (38.0/s)
[train_readout] game  260 seed 20259  won     safe 71/71 turns  54 overrides  32 | turns so far 17,933 (38.1/s)
[train_readout] game  270 seed 20269  lost    safe 69/71 turns  62 overrides  38 | turns so far 18,601 (38.3/s)
[train_readout] game  280 seed 20279  lost    safe 63/71 turns  29 overrides  13 | turns so far 19,364 (38.4/s)
[train_readout] game  290 seed 20289  lost    safe 57/71 turns  26 overrides  13 | turns so far 19,954 (38.4/s)
[train_readout] game  300 seed 20299  won     safe 71/71 turns  85 overrides  50 | turns so far 20,621 (38.6/s)
[train_readout] game  310 seed 20309  won     safe 71/71 turns  77 overrides  47 | turns so far 21,279 (38.7/s)
[train_readout] game  320 seed 20319  won     safe 71/71 turns 169 overrides 122 | turns so far 21,914 (38.8/s)
[train_readout] game  330 seed 20329  won     safe 71/71 turns  42 overrides  26 | turns so far 22,484 (38.8/s)
[train_readout] game  340 seed 20339  won     safe 71/71 turns  91 overrides  63 | turns so far 23,170 (38.9/s)
[train_readout] game  350 seed 20349  won     safe 71/71 turns  87 overrides  52 | turns so far 23,744 (39.0/s)
[train_readout] game  360 seed 20359  won     safe 71/71 turns  88 overrides  60 | turns so far 24,175 (39.0/s)
[train_readout] game  370 seed 20369  won     safe 71/71 turns  71 overrides  49 | turns so far 24,839 (39.1/s)
[train_readout] game  380 seed 20379  lost    safe 70/71 turns  46 overrides  28 | turns so far 25,523 (39.2/s)
[train_readout] game  390 seed 20389  won     safe 71/71 turns  74 overrides  48 | turns so far 26,073 (39.2/s)
[train_readout] game  400 seed 20399  won     safe 71/71 turns 141 overrides  83 | turns so far 26,889 (38.9/s)
[train_readout] game  410 seed 20409  won     safe 71/71 turns  87 overrides  59 | turns so far 27,445 (38.9/s)
[train_readout] game  420 seed 20419  won     safe 71/71 turns  42 overrides  31 | turns so far 28,229 (39.0/s)
[train_readout] game  430 seed 20429  won     safe 71/71 turns 133 overrides  83 | turns so far 29,120 (39.1/s)
[train_readout] game  440 seed 20439  won     safe 71/71 turns  78 overrides  47 | turns so far 29,610 (39.1/s)
[train_readout] game  450 seed 20449  lost    safe 70/71 turns  70 overrides  52 | turns so far 30,416 (39.2/s)
[train_readout] game  460 seed 20459  won     safe 71/71 turns  96 overrides  63 | turns so far 31,359 (39.3/s)
[train_readout] game  470 seed 20469  won     safe 71/71 turns  98 overrides  67 | turns so far 31,882 (39.4/s)
[train_readout] game  472 seed 20471  won     safe 71/71 turns  59 overrides  39 | turns so far 32,008 (39.4/s)
[train_readout] saved 32,008 turns from 472 games (seeds 20000..20471) to outputs/training/run1 in 811.8s; teacher actions {'up': 5985, 'down': 5764, 'left': 5836, 'right': 5778, 'reveal': 8469, 'jump': 176}
