[train_readout] data outputs/training/run1: 32,008 turns from 472 games (seeds 20000..20471); features 27,147 = 27,147 cells x 1 window(s) from groups ['dn', 'vp', 'cx', 'mbon', 't4', 't5']; train 24,672 turns / 378 games, held-out 7,336 turns / 94 games
[train_readout] ridge: fold 1/3 done (108s)
[train_readout] ridge: fold 2/3 done (204s)
[train_readout] ridge: fold 3/3 done (297s)
[train_readout] ridge/diag:cursor_row: ridge CV accuracy by alpha 10: 0.410, 100: 0.419, 1000: 0.482, 10000: 0.612, 100000: 0.624, 1e+06: 0.544 -> alpha 100000
[train_readout] ridge/diag:cursor_col: ridge CV accuracy by alpha 10: 0.444, 100: 0.453, 1000: 0.525, 10000: 0.674, 100000: 0.696, 1e+06: 0.608 -> alpha 100000
[train_readout] ridge/diag:cursor_left_half: ridge CV accuracy by alpha 10: 0.734, 100: 0.740, 1000: 0.770, 10000: 0.835, 100000: 0.843, 1e+06: 0.812 -> alpha 100000
[train_readout] ridge/brain: ridge CV accuracy by alpha 10: 0.228, 100: 0.229, 1000: 0.237, 10000: 0.263, 100000: 0.294, 1e+06: 0.299 -> alpha 1e+06
[train_readout] ridge/shuffled: ridge CV accuracy by alpha 10: 0.204, 100: 0.203, 1000: 0.205, 10000: 0.209, 100000: 0.230, 1e+06: 0.263 -> alpha 1e+06
[train_readout] ridge/diag:cell_under_cursor_hidden: ridge CV accuracy by alpha 10: 0.516, 100: 0.517, 1000: 0.522, 10000: 0.534, 100000: 0.552, 1e+06: 0.555 -> alpha 1e+06
[train_readout] ridge: ridge for 6 target(s) in 420s
[train_readout] brain readout: chose ridge {'alpha': 1000000.0} (CV 0.299)
[train_readout] brain readout held-out accuracy 0.300 (balanced 0.229); majority 0.267
[train_readout] diagnostic cursor_row: held-out accuracy 0.677 vs majority 0.115
[train_readout] diagnostic cursor_col: held-out accuracy 0.706 vs majority 0.117
[train_readout] diagnostic cell_under_cursor_hidden: held-out accuracy 0.549 vs majority 0.497
[train_readout] diagnostic cursor_left_half: held-out accuracy 0.849 vs majority 0.583
[train_readout] shuffled-label control held-out accuracy 0.268
[train_readout] board_3x3: logreg CV accuracy by C 0.01: 0.525, 0.1: 0.523, 1: 0.523, 10: 0.523 -> C 0.01
[train_readout] board_3x3: logreg done in 1s
[train_readout] board_3x3: chose logreg {'C': 0.01} (CV 0.525)
[train_readout] board_3x3 control (135 features) held-out accuracy 0.510
[train_readout] board_full: logreg CV accuracy by C 0.01: 0.320, 0.1: 0.311, 1: 0.308, 10: 0.307 -> C 0.01
[train_readout] board_full: logreg done in 4s
[train_readout] board_full: chose logreg {'C': 0.01} (CV 0.320)
[train_readout] board_full control (1053 features) held-out accuracy 0.322
[train_readout] saved readout to outputs/training/run1/readout_B.npz; report outputs/training/run1/readout_report_B_plus_t4t5_w1.md
