[train_mb] design: {"action_mbons": {"up": ["MBON09", "MBON32", "MBON30", "MBON31", "MBON25-like", "MBON28"], "down": ["MBON02", "MBON06", "MBON04", "MBON15-like", "MBON25", "MBON17-like"], "left": ["MBON11", "MBON05", "MBON21", "MBON23", "MBON27"], "right": ["MBON12", "MBON29", "MBON24", "MBON03", "MBON16"], "reveal": ["MBON07", "MBON01", "MBON18", "MBON10", "MBON15", "MBON26"], "jump": ["MBON14", "MBON22", "MBON20", "MBON19", "MBON13", "MBON17"]}, "pool_cells": {"up": 16, "down": 14, "left": 10, "right": 12, "reveal": 23, "jump": 16}, "plastic_edges": 59334, "plastic_edges_per_pool": {"up": 9982, "down": 9999, "left": 9645, "right": 9681, "reveal": 10026, "jump": 10001}, "kc_cells": 4064, "kc_kc_edges_silenced": 642933, "pn_kc_edges": 22586, "kc_bias": -0.2, "kc_kc_gain": 0.0, "pn_kc_gain": 1.0, "pn_bias": 0.0, "pn_cells": 686, "pam_cells": 316, "ppl1_cells": 16, "games_trained": 0}
[train_mb] game     1/1500 seed 12000  last 1: wins 1, safe  71.0, turns  44.0, reward +0.000, agree 0.18, |dw| 12.3106, ratio 0.994 pools {'up': 0.9704, 'down': 0.9804, 'left': 0.9852, 'right': 1.0064, 'reveal': 1.0251, 'jump': 0.9935}, T 1.00, 1.11s/game
[train_mb] game    25/1500 seed 12024  last 25: wins 20, safe  67.6, turns  49.8, reward +0.000, agree 0.22, |dw| 11.9287, ratio 1.063 pools {'up': 0.8751, 'down': 0.8824, 'left': 1.1328, 'right': 0.9068, 'reveal': 1.5465, 'jump': 1.0289}, T 0.99, 1.51s/game
[train_mb] game    50/1500 seed 12049  last 25: wins 23, safe  70.5, turns  55.8, reward +0.000, agree 0.24, |dw| 12.2694, ratio 1.163 pools {'up': 0.9573, 'down': 0.9795, 'left': 1.2562, 'right': 1.0098, 'reveal': 1.7224, 'jump': 1.0503}, T 0.97, 1.52s/game
[train_mb] game    75/1500 seed 12074  last 25: wins 22, safe  70.7, turns  50.7, reward +0.000, agree 0.27, |dw| 10.5236, ratio 1.248 pools {'up': 1.0415, 'down': 1.0037, 'left': 1.4042, 'right': 1.1183, 'reveal': 1.776, 'jump': 1.1427}, T 0.96, 1.44s/game
[train_mb] game   100/1500 seed 12099  last 25: wins 21, safe  68.2, turns  49.0, reward +0.000, agree 0.24, |dw| 10.3595, ratio 1.301 pools {'up': 1.2059, 'down': 0.9793, 'left': 1.5045, 'right': 1.0544, 'reveal': 1.9057, 'jump': 1.1535}, T 0.95, 1.41s/game
[train_mb] game   125/1500 seed 12124  last 25: wins 20, safe  69.8, turns  58.1, reward +0.000, agree 0.23, |dw| 12.7114, ratio 1.343 pools {'up': 1.168, 'down': 0.9947, 'left': 1.5399, 'right': 1.1677, 'reveal': 1.9306, 'jump': 1.255}, T 0.93, 1.44s/game
[train_mb] game   150/1500 seed 12149  last 25: wins 20, safe  70.2, turns  53.2, reward +0.000, agree 0.24, |dw| 10.8146, ratio 1.376 pools {'up': 1.1713, 'down': 1.07, 'left': 1.5769, 'right': 1.1835, 'reveal': 1.9307, 'jump': 1.3223}, T 0.92, 1.47s/game
[train_mb] game   175/1500 seed 12174  last 25: wins 24, safe  70.8, turns  52.7, reward +0.000, agree 0.24, |dw| 10.4115, ratio 1.421 pools {'up': 1.2662, 'down': 1.0738, 'left': 1.7409, 'right': 1.1606, 'reveal': 1.8815, 'jump': 1.4047}, T 0.91, 1.49s/game
[train_mb] game   200/1500 seed 12199  last 25: wins 23, safe  70.2, turns  52.1, reward +0.000, agree 0.25, |dw| 10.7686, ratio 1.451 pools {'up': 1.2556, 'down': 1.0827, 'left': 1.7935, 'right': 1.1968, 'reveal': 1.9733, 'jump': 1.4053}, T 0.89, 1.49s/game
[train_mb] game   225/1500 seed 12224  last 25: wins 17, safe  69.8, turns  54.3, reward +0.000, agree 0.28, |dw| 11.3090, ratio 1.477 pools {'up': 1.2902, 'down': 1.1515, 'left': 1.7751, 'right': 1.2556, 'reveal': 1.9608, 'jump': 1.4303}, T 0.88, 1.48s/game
[train_mb] game   250/1500 seed 12249  last 25: wins 21, safe  68.4, turns  51.9, reward +0.000, agree 0.24, |dw| 10.4638, ratio 1.494 pools {'up': 1.2439, 'down': 1.2535, 'left': 1.7688, 'right': 1.2617, 'reveal': 1.928, 'jump': 1.5079}, T 0.87, 1.49s/game
[train_mb] game   275/1500 seed 12274  last 25: wins 17, safe  67.5, turns  48.2, reward +0.000, agree 0.22, |dw| 10.5251, ratio 1.509 pools {'up': 1.2219, 'down': 1.3583, 'left': 1.7536, 'right': 1.2812, 'reveal': 1.974, 'jump': 1.4633}, T 0.85, 1.48s/game
[train_mb] game   300/1500 seed 12299  last 25: wins 24, safe  70.8, turns  51.3, reward +0.000, agree 0.25, |dw| 10.8808, ratio 1.537 pools {'up': 1.2953, 'down': 1.2474, 'left': 1.839, 'right': 1.2602, 'reveal': 2.0288, 'jump': 1.5509}, T 0.84, 1.48s/game
[train_mb] game   325/1500 seed 12324  last 25: wins 21, safe  69.0, turns  48.6, reward +0.000, agree 0.28, |dw| 9.5263, ratio 1.532 pools {'up': 1.3237, 'down': 1.1918, 'left': 1.7969, 'right': 1.3259, 'reveal': 2.096, 'jump': 1.4611}, T 0.83, 1.50s/game
[train_mb] game   350/1500 seed 12349  last 25: wins 22, safe  70.0, turns  53.7, reward +0.000, agree 0.25, |dw| 11.3879, ratio 1.555 pools {'up': 1.2737, 'down': 1.1637, 'left': 1.7995, 'right': 1.3956, 'reveal': 2.1445, 'jump': 1.5553}, T 0.81, 1.52s/game
[train_mb] game   375/1500 seed 12374  last 25: wins 22, safe  70.4, turns  51.2, reward +0.000, agree 0.27, |dw| 10.1105, ratio 1.558 pools {'up': 1.2798, 'down': 1.1677, 'left': 1.887, 'right': 1.3036, 'reveal': 2.1164, 'jump': 1.597}, T 0.80, 1.56s/game
[train_mb] game   400/1500 seed 12399  last 25: wins 23, safe  70.8, turns  55.6, reward +0.000, agree 0.25, |dw| 11.4841, ratio 1.564 pools {'up': 1.2408, 'down': 1.2989, 'left': 1.8489, 'right': 1.3087, 'reveal': 2.2018, 'jump': 1.4872}, T 0.79, 1.66s/game
[train_mb] game   425/1500 seed 12424  last 25: wins 25, safe  71.0, turns  51.7, reward +0.000, agree 0.26, |dw| 10.4200, ratio 1.567 pools {'up': 1.2613, 'down': 1.2243, 'left': 1.9221, 'right': 1.3666, 'reveal': 2.0872, 'jump': 1.5473}, T 0.77, 1.71s/game
[train_mb] game   450/1500 seed 12449  last 25: wins 20, safe  66.3, turns  50.2, reward +0.000, agree 0.27, |dw| 9.8359, ratio 1.582 pools {'up': 1.329, 'down': 1.2726, 'left': 1.8139, 'right': 1.3612, 'reveal': 2.1069, 'jump': 1.6098}, T 0.76, 1.73s/game
[train_mb] game   475/1500 seed 12474  last 25: wins 23, safe  69.3, turns  50.5, reward +0.000, agree 0.27, |dw| 9.5605, ratio 1.587 pools {'up': 1.3602, 'down': 1.266, 'left': 1.8782, 'right': 1.3634, 'reveal': 2.1235, 'jump': 1.533}, T 0.75, 1.75s/game
[train_mb] game   500/1500 seed 12499  last 25: wins 21, safe  67.6, turns  45.5, reward +0.000, agree 0.30, |dw| 8.6287, ratio 1.593 pools {'up': 1.3897, 'down': 1.2015, 'left': 1.8959, 'right': 1.3692, 'reveal': 2.0855, 'jump': 1.6202}, T 0.73, 1.73s/game
[train_mb] game   525/1500 seed 12524  last 25: wins 22, safe  69.4, turns  50.3, reward +0.000, agree 0.27, |dw| 10.1644, ratio 1.599 pools {'up': 1.325, 'down': 1.1801, 'left': 1.9833, 'right': 1.3424, 'reveal': 2.1844, 'jump': 1.5794}, T 0.72, 1.72s/game
[train_mb] game   550/1500 seed 12549  last 25: wins 25, safe  71.0, turns  51.8, reward +0.000, agree 0.24, |dw| 10.2013, ratio 1.593 pools {'up': 1.33, 'down': 1.1576, 'left': 2.0093, 'right': 1.3406, 'reveal': 2.1714, 'jump': 1.5517}, T 0.71, 1.71s/game
[train_mb] game   575/1500 seed 12574  last 25: wins 20, safe  70.0, turns  51.1, reward +0.000, agree 0.25, |dw| 10.6767, ratio 1.597 pools {'up': 1.3822, 'down': 1.1528, 'left': 1.9797, 'right': 1.3809, 'reveal': 2.1605, 'jump': 1.5329}, T 0.69, 1.71s/game
[train_mb] game   600/1500 seed 12599  last 25: wins 19, safe  68.8, turns  47.0, reward +0.000, agree 0.28, |dw| 9.3131, ratio 1.590 pools {'up': 1.3623, 'down': 1.1732, 'left': 1.9864, 'right': 1.3555, 'reveal': 2.1299, 'jump': 1.5384}, T 0.68, 1.70s/game
[train_mb] game   625/1500 seed 12624  last 25: wins 22, safe  69.6, turns  54.2, reward +0.000, agree 0.30, |dw| 10.1901, ratio 1.593 pools {'up': 1.3943, 'down': 1.2297, 'left': 1.9984, 'right': 1.3398, 'reveal': 2.0268, 'jump': 1.5761}, T 0.67, 1.70s/game
[train_mb] game   650/1500 seed 12649  last 25: wins 21, safe  70.2, turns  46.4, reward +0.000, agree 0.28, |dw| 9.1265, ratio 1.591 pools {'up': 1.3619, 'down': 1.1911, 'left': 2.0201, 'right': 1.4835, 'reveal': 1.9272, 'jump': 1.5729}, T 0.65, 1.70s/game
[train_mb] game   675/1500 seed 12674  last 25: wins 23, safe  70.8, turns  49.7, reward +0.000, agree 0.28, |dw| 9.5827, ratio 1.611 pools {'up': 1.3885, 'down': 1.2005, 'left': 1.9718, 'right': 1.4077, 'reveal': 1.9928, 'jump': 1.7111}, T 0.64, 1.71s/game
[train_mb] game   700/1500 seed 12699  last 25: wins 19, safe  69.2, turns  55.1, reward +0.000, agree 0.30, |dw| 10.6525, ratio 1.615 pools {'up': 1.3573, 'down': 1.2281, 'left': 2.0309, 'right': 1.412, 'reveal': 1.994, 'jump': 1.6718}, T 0.63, 1.72s/game
[train_mb] game   725/1500 seed 12724  last 25: wins 23, safe  70.5, turns  54.7, reward +0.000, agree 0.27, |dw| 10.3163, ratio 1.609 pools {'up': 1.4069, 'down': 1.2573, 'left': 1.9522, 'right': 1.3866, 'reveal': 2.0276, 'jump': 1.6292}, T 0.61, 1.72s/game
[train_mb] game   750/1500 seed 12749  last 25: wins 20, safe  65.5, turns  45.2, reward +0.000, agree 0.27, |dw| 8.9836, ratio 1.624 pools {'up': 1.4576, 'down': 1.2412, 'left': 2.0417, 'right': 1.29, 'reveal': 2.029, 'jump': 1.6896}, T 0.60, 1.70s/game
[train_mb] game   775/1500 seed 12774  last 25: wins 25, safe  71.0, turns  47.6, reward +0.000, agree 0.32, |dw| 8.8887, ratio 1.632 pools {'up': 1.3592, 'down': 1.278, 'left': 2.0148, 'right': 1.3832, 'reveal': 1.9877, 'jump': 1.7719}, T 0.59, 1.69s/game
[train_mb] game   800/1500 seed 12799  last 25: wins 21, safe  69.9, turns  51.5, reward +0.000, agree 0.32, |dw| 9.7916, ratio 1.629 pools {'up': 1.4379, 'down': 1.3025, 'left': 1.9938, 'right': 1.3293, 'reveal': 1.9681, 'jump': 1.7461}, T 0.57, 1.67s/game
[train_mb] game   825/1500 seed 12824  last 25: wins 25, safe  71.0, turns  54.2, reward +0.000, agree 0.33, |dw| 9.8175, ratio 1.658 pools {'up': 1.4812, 'down': 1.2101, 'left': 1.965, 'right': 1.337, 'reveal': 2.2234, 'jump': 1.7277}, T 0.56, 1.66s/game
[train_mb] game   850/1500 seed 12849  last 25: wins 21, safe  70.0, turns  53.9, reward +0.000, agree 0.33, |dw| 10.1579, ratio 1.630 pools {'up': 1.437, 'down': 1.2272, 'left': 2.0472, 'right': 1.3534, 'reveal': 2.0964, 'jump': 1.6248}, T 0.55, 1.66s/game
[train_mb] game   875/1500 seed 12874  last 25: wins 23, safe  70.8, turns  52.2, reward +0.000, agree 0.28, |dw| 9.9735, ratio 1.612 pools {'up': 1.5004, 'down': 1.2992, 'left': 2.0373, 'right': 1.329, 'reveal': 1.8303, 'jump': 1.6822}, T 0.53, 1.65s/game
[train_mb] game   900/1500 seed 12899  last 25: wins 22, safe  68.1, turns  48.0, reward +0.000, agree 0.34, |dw| 8.4540, ratio 1.635 pools {'up': 1.5385, 'down': 1.2866, 'left': 1.9741, 'right': 1.3567, 'reveal': 1.9664, 'jump': 1.6926}, T 0.52, 1.64s/game
[train_mb] game   925/1500 seed 12924  last 25: wins 22, safe  70.8, turns  54.3, reward +0.000, agree 0.33, |dw| 9.4933, ratio 1.623 pools {'up': 1.4045, 'down': 1.2891, 'left': 2.0779, 'right': 1.3098, 'reveal': 1.9562, 'jump': 1.7061}, T 0.51, 1.64s/game
[train_mb] game   950/1500 seed 12949  last 25: wins 21, safe  70.1, turns  49.4, reward +0.000, agree 0.36, |dw| 8.2744, ratio 1.618 pools {'up': 1.4202, 'down': 1.3397, 'left': 2.0339, 'right': 1.2913, 'reveal': 1.9753, 'jump': 1.6498}, T 0.49, 1.63s/game
[train_mb] game   975/1500 seed 12974  last 25: wins 22, safe  70.8, turns  51.5, reward +0.000, agree 0.34, |dw| 8.6243, ratio 1.630 pools {'up': 1.4023, 'down': 1.3508, 'left': 2.0717, 'right': 1.2627, 'reveal': 1.9814, 'jump': 1.7141}, T 0.48, 1.63s/game
[train_mb] game  1000/1500 seed 12999  last 25: wins 20, safe  69.0, turns  51.6, reward +0.000, agree 0.32, |dw| 9.3036, ratio 1.629 pools {'up': 1.4131, 'down': 1.3247, 'left': 1.9755, 'right': 1.3304, 'reveal': 2.0015, 'jump': 1.7331}, T 0.47, 1.63s/game
[train_mb] game  1025/1500 seed 13024  last 25: wins 23, safe  70.4, turns  51.8, reward +0.000, agree 0.33, |dw| 9.2075, ratio 1.621 pools {'up': 1.4532, 'down': 1.2948, 'left': 2.0016, 'right': 1.3073, 'reveal': 1.9578, 'jump': 1.7122}, T 0.45, 1.63s/game
[train_mb] game  1050/1500 seed 13049  last 25: wins 23, safe  70.6, turns  51.8, reward +0.000, agree 0.33, |dw| 9.6514, ratio 1.622 pools {'up': 1.4329, 'down': 1.2827, 'left': 2.0667, 'right': 1.3513, 'reveal': 1.9269, 'jump': 1.6756}, T 0.44, 1.63s/game
[train_mb] game  1075/1500 seed 13074  last 25: wins 23, safe  70.5, turns  52.2, reward +0.000, agree 0.35, |dw| 8.7572, ratio 1.611 pools {'up': 1.4476, 'down': 1.3086, 'left': 2.0813, 'right': 1.3081, 'reveal': 1.853, 'jump': 1.671}, T 0.43, 1.63s/game
[train_mb] game  1100/1500 seed 13099  last 25: wins 21, safe  68.6, turns  53.4, reward +0.000, agree 0.32, |dw| 10.2411, ratio 1.610 pools {'up': 1.4783, 'down': 1.2764, 'left': 2.0587, 'right': 1.255, 'reveal': 1.9045, 'jump': 1.6901}, T 0.41, 1.64s/game
[train_mb] game  1125/1500 seed 13124  last 25: wins 22, safe  69.9, turns  51.6, reward +0.000, agree 0.38, |dw| 8.4706, ratio 1.623 pools {'up': 1.4705, 'down': 1.2888, 'left': 2.083, 'right': 1.2698, 'reveal': 1.8925, 'jump': 1.7368}, T 0.40, 1.67s/game
[train_mb] game  1150/1500 seed 13149  last 25: wins 20, safe  69.4, turns  50.1, reward +0.000, agree 0.37, |dw| 8.9752, ratio 1.613 pools {'up': 1.4977, 'down': 1.3187, 'left': 2.0369, 'right': 1.2616, 'reveal': 1.9115, 'jump': 1.6527}, T 0.39, 1.72s/game
[train_mb] game  1175/1500 seed 13174  last 25: wins 23, safe  70.9, turns  53.2, reward +0.000, agree 0.37, |dw| 8.9341, ratio 1.619 pools {'up': 1.4345, 'down': 1.3248, 'left': 1.9848, 'right': 1.2946, 'reveal': 1.984, 'jump': 1.6921}, T 0.37, 1.79s/game
[train_mb] game  1200/1500 seed 13199  last 25: wins 23, safe  69.4, turns  48.8, reward +0.000, agree 0.37, |dw| 8.0322, ratio 1.610 pools {'up': 1.4809, 'down': 1.231, 'left': 2.0054, 'right': 1.3587, 'reveal': 1.8829, 'jump': 1.7085}, T 0.36, 1.84s/game
[train_mb] game  1225/1500 seed 13224  last 25: wins 21, safe  70.2, turns  57.1, reward +0.000, agree 0.38, |dw| 10.0622, ratio 1.622 pools {'up': 1.5129, 'down': 1.1999, 'left': 1.9386, 'right': 1.321, 'reveal': 2.0145, 'jump': 1.7429}, T 0.35, 1.87s/game
[train_mb] game  1250/1500 seed 13249  last 25: wins 19, safe  68.1, turns  49.8, reward +0.000, agree 0.38, |dw| 8.1131, ratio 1.615 pools {'up': 1.4796, 'down': 1.2829, 'left': 2.0294, 'right': 1.3423, 'reveal': 1.8663, 'jump': 1.6955}, T 0.33, 1.93s/game
[train_mb] game  1275/1500 seed 13274  last 25: wins 22, safe  68.7, turns  52.9, reward +0.000, agree 0.39, |dw| 8.6790, ratio 1.599 pools {'up': 1.4585, 'down': 1.2526, 'left': 2.0639, 'right': 1.2583, 'reveal': 1.8509, 'jump': 1.7168}, T 0.32, 1.94s/game
[train_mb] game  1300/1500 seed 13299  last 25: wins 20, safe  68.7, turns  50.7, reward +0.000, agree 0.43, |dw| 7.6992, ratio 1.605 pools {'up': 1.4636, 'down': 1.229, 'left': 1.9869, 'right': 1.2326, 'reveal': 1.95, 'jump': 1.7654}, T 0.31, 1.93s/game
[train_mb] game  1325/1500 seed 13324  last 25: wins 20, safe  70.0, turns  50.7, reward +0.000, agree 0.42, |dw| 7.5224, ratio 1.608 pools {'up': 1.4225, 'down': 1.2935, 'left': 1.9922, 'right': 1.1699, 'reveal': 1.9119, 'jump': 1.8539}, T 0.29, 1.92s/game
[train_mb] game  1350/1500 seed 13349  last 25: wins 21, safe  70.5, turns  51.6, reward +0.000, agree 0.45, |dw| 7.2072, ratio 1.596 pools {'up': 1.4283, 'down': 1.1824, 'left': 2.1029, 'right': 1.232, 'reveal': 1.8658, 'jump': 1.7697}, T 0.28, 1.91s/game
[train_mb] game  1375/1500 seed 13374  last 25: wins 20, safe  67.5, turns  49.3, reward +0.000, agree 0.46, |dw| 7.2318, ratio 1.587 pools {'up': 1.4363, 'down': 1.2451, 'left': 2.0771, 'right': 1.1784, 'reveal': 1.8509, 'jump': 1.7344}, T 0.27, 1.90s/game
[train_mb] game  1400/1500 seed 13399  last 25: wins 21, safe  70.6, turns  50.2, reward +0.000, agree 0.45, |dw| 7.6468, ratio 1.567 pools {'up': 1.508, 'down': 1.1651, 'left': 2.0471, 'right': 1.1942, 'reveal': 1.7602, 'jump': 1.7321}, T 0.25, 1.89s/game
[train_mb] game  1425/1500 seed 13424  last 25: wins 23, safe  70.8, turns  50.4, reward +0.000, agree 0.46, |dw| 7.1924, ratio 1.558 pools {'up': 1.5024, 'down': 1.2147, 'left': 2.0301, 'right': 1.1294, 'reveal': 1.7908, 'jump': 1.6839}, T 0.24, 1.88s/game
[train_mb] game  1450/1500 seed 13449  last 25: wins 22, safe  70.8, turns  54.2, reward +0.000, agree 0.48, |dw| 7.6958, ratio 1.558 pools {'up': 1.4527, 'down': 1.2902, 'left': 2.0006, 'right': 1.1622, 'reveal': 1.8016, 'jump': 1.6402}, T 0.23, 1.87s/game
[train_mb] game  1475/1500 seed 13474  last 25: wins 24, safe  70.9, turns  54.7, reward +0.000, agree 0.47, |dw| 7.4886, ratio 1.561 pools {'up': 1.5093, 'down': 1.2475, 'left': 1.9772, 'right': 1.1581, 'reveal': 1.7823, 'jump': 1.6924}, T 0.21, 1.86s/game
[train_mb] game  1500/1500 seed 13499  last 25: wins 21, safe  70.4, turns  52.9, reward +0.000, agree 0.49, |dw| 7.2360, ratio 1.542 pools {'up': 1.5276, 'down': 1.2209, 'left': 1.9466, 'right': 1.1133, 'reveal': 1.8441, 'jump': 1.6007}, T 0.20, 1.85s/game
# r2_error

| games | n | win_rate | mean_safe | mean_turns | mean_reward | teacher_agreement | mean_abs_dw | mean_ratio | temperature |
|---|---|---|---|---|---|---|---|---|---|
| 0-99 | 100 | 0.86 | 69.27 | 51.3 | 0.0 | 0.241 | 11.2703 | 1.1524 | 0.974 |
| 100-199 | 100 | 0.87 | 70.22 | 54.0 | 0.0 | 0.24 | 11.1765 | 1.3792 | 0.92 |
| 200-299 | 100 | 0.79 | 69.12 | 51.4 | 0.0 | 0.246 | 10.7947 | 1.4965 | 0.867 |
| 300-399 | 100 | 0.88 | 70.05 | 52.3 | 0.0 | 0.264 | 10.6272 | 1.5496 | 0.814 |
| 400-499 | 100 | 0.89 | 68.56 | 49.5 | 0.0 | 0.277 | 9.6113 | 1.5757 | 0.76 |
| 500-599 | 100 | 0.86 | 69.81 | 50.1 | 0.0 | 0.259 | 10.0889 | 1.5933 | 0.707 |
| 600-699 | 100 | 0.85 | 69.94 | 51.4 | 0.0 | 0.288 | 9.8879 | 1.5992 | 0.654 |
| 700-799 | 100 | 0.89 | 69.23 | 49.8 | 0.0 | 0.294 | 9.4951 | 1.6224 | 0.6 |
| 800-899 | 100 | 0.91 | 69.98 | 52.1 | 0.0 | 0.32 | 9.6007 | 1.6334 | 0.547 |
| 900-999 | 100 | 0.85 | 70.17 | 51.7 | 0.0 | 0.34 | 8.9239 | 1.6275 | 0.494 |
| 1000-1099 | 100 | 0.9 | 70.03 | 52.3 | 0.0 | 0.333 | 9.4643 | 1.6222 | 0.44 |
| 1100-1199 | 100 | 0.88 | 69.9 | 50.9 | 0.0 | 0.373 | 8.603 | 1.6193 | 0.387 |
| 1200-1299 | 100 | 0.82 | 68.93 | 52.6 | 0.0 | 0.394 | 8.6384 | 1.6094 | 0.334 |
| 1300-1399 | 100 | 0.82 | 69.63 | 50.5 | 0.0 | 0.445 | 7.402 | 1.5927 | 0.28 |
| 1400-1499 | 100 | 0.9 | 70.73 | 53.1 | 0.0 | 0.475 | 7.4032 | 1.5582 | 0.227 |

[train_mb] done: 1500 games in 2776s -> outputs/mb/r2_error
