[train_mb] design: {"action_mbons": {"up": ["MBON09", "MBON32", "MBON30", "MBON31", "MBON25-like", "MBON28"], "down": ["MBON02", "MBON06", "MBON04", "MBON15-like", "MBON25", "MBON17-like"], "left": ["MBON11", "MBON05", "MBON21", "MBON23", "MBON27"], "right": ["MBON12", "MBON29", "MBON24", "MBON03", "MBON16"], "reveal": ["MBON07", "MBON01", "MBON18", "MBON10", "MBON15", "MBON26"], "jump": ["MBON14", "MBON22", "MBON20", "MBON19", "MBON13", "MBON17"]}, "pool_cells": {"up": 16, "down": 14, "left": 10, "right": 12, "reveal": 23, "jump": 16}, "plastic_edges": 59334, "plastic_edges_per_pool": {"up": 9982, "down": 9999, "left": 9645, "right": 9681, "reveal": 10026, "jump": 10001}, "kc_cells": 4064, "kc_kc_edges_silenced": 642933, "pn_kc_edges": 22586, "kc_bias": -0.3, "kc_kc_gain": 0.0, "pn_kc_gain": 3.0, "pn_bias": -0.3, "pn_cells": 686, "pam_cells": 316, "ppl1_cells": 16, "games_trained": 0}
[train_mb] game     1/1500 seed 12000  last 1: wins 1, safe  71.0, turns  44.0, reward +0.000, agree 0.16, |dw| 27.0851, ratio 0.987 pools {'up': 0.9029, 'down': 0.9661, 'left': 0.9316, 'right': 0.9924, 'reveal': 1.1808, 'jump': 0.9466}, T 1.00, 1.35s/game
[train_mb] game    25/1500 seed 12024  last 25: wins 20, safe  67.6, turns  49.8, reward +0.000, agree 0.30, |dw| 21.0675, ratio 1.148 pools {'up': 0.8687, 'down': 1.0419, 'left': 1.1129, 'right': 0.9493, 'reveal': 1.9155, 'jump': 0.9916}, T 0.99, 1.64s/game
[train_mb] game    50/1500 seed 12049  last 25: wins 23, safe  70.5, turns  55.8, reward +0.000, agree 0.34, |dw| 21.0856, ratio 1.265 pools {'up': 1.0489, 'down': 1.0643, 'left': 1.2254, 'right': 1.0904, 'reveal': 2.0651, 'jump': 1.086}, T 0.97, 1.59s/game
[train_mb] game    75/1500 seed 12074  last 25: wins 22, safe  70.7, turns  50.7, reward +0.000, agree 0.37, |dw| 17.8863, ratio 1.370 pools {'up': 1.076, 'down': 1.0949, 'left': 1.3356, 'right': 1.3657, 'reveal': 2.1662, 'jump': 1.1759}, T 0.96, 1.51s/game
[train_mb] game   100/1500 seed 12099  last 25: wins 21, safe  68.2, turns  49.0, reward +0.000, agree 0.34, |dw| 18.5491, ratio 1.404 pools {'up': 1.2628, 'down': 1.0437, 'left': 1.4077, 'right': 1.1684, 'reveal': 2.3413, 'jump': 1.1893}, T 0.95, 1.47s/game
[train_mb] game   125/1500 seed 12124  last 25: wins 20, safe  69.8, turns  58.1, reward +0.000, agree 0.32, |dw| 23.4725, ratio 1.425 pools {'up': 1.272, 'down': 1.1468, 'left': 1.3051, 'right': 1.2443, 'reveal': 2.2679, 'jump': 1.302}, T 0.93, 1.52s/game
[train_mb] game   150/1500 seed 12149  last 25: wins 20, safe  70.2, turns  53.2, reward +0.000, agree 0.35, |dw| 18.8794, ratio 1.490 pools {'up': 1.1479, 'down': 1.2392, 'left': 1.3371, 'right': 1.2357, 'reveal': 2.5431, 'jump': 1.4185}, T 0.92, 1.55s/game
[train_mb] game   175/1500 seed 12174  last 25: wins 24, safe  70.8, turns  52.7, reward +0.000, agree 0.37, |dw| 17.5029, ratio 1.514 pools {'up': 1.2511, 'down': 1.2191, 'left': 1.5621, 'right': 1.1493, 'reveal': 2.3979, 'jump': 1.4899}, T 0.91, 1.58s/game
[train_mb] game   200/1500 seed 12199  last 25: wins 23, safe  70.2, turns  52.1, reward +0.000, agree 0.36, |dw| 18.7094, ratio 1.508 pools {'up': 1.1867, 'down': 1.1589, 'left': 1.6375, 'right': 1.2174, 'reveal': 2.2949, 'jump': 1.5437}, T 0.89, 1.56s/game
[train_mb] game   225/1500 seed 12224  last 25: wins 17, safe  69.8, turns  54.3, reward +0.000, agree 0.39, |dw| 20.1089, ratio 1.515 pools {'up': 1.3498, 'down': 1.2416, 'left': 1.4629, 'right': 1.2271, 'reveal': 2.2755, 'jump': 1.5175}, T 0.88, 1.57s/game
[train_mb] game   250/1500 seed 12249  last 25: wins 21, safe  68.4, turns  51.9, reward +0.000, agree 0.36, |dw| 17.8735, ratio 1.515 pools {'up': 1.254, 'down': 1.1893, 'left': 1.3761, 'right': 1.2997, 'reveal': 2.4074, 'jump': 1.5474}, T 0.87, 1.58s/game
[train_mb] game   275/1500 seed 12274  last 25: wins 17, safe  67.5, turns  48.2, reward +0.000, agree 0.32, |dw| 18.8518, ratio 1.510 pools {'up': 1.2499, 'down': 1.3683, 'left': 1.5154, 'right': 1.2105, 'reveal': 2.2041, 'jump': 1.499}, T 0.85, 1.56s/game
[train_mb] game   300/1500 seed 12299  last 25: wins 24, safe  70.8, turns  51.3, reward +0.000, agree 0.37, |dw| 18.9003, ratio 1.539 pools {'up': 1.3067, 'down': 1.3947, 'left': 1.5123, 'right': 1.2004, 'reveal': 2.1619, 'jump': 1.6434}, T 0.84, 1.58s/game
[train_mb] game   325/1500 seed 12324  last 25: wins 21, safe  69.0, turns  48.6, reward +0.000, agree 0.38, |dw| 16.6077, ratio 1.530 pools {'up': 1.3986, 'down': 1.1765, 'left': 1.5777, 'right': 1.3097, 'reveal': 2.2588, 'jump': 1.4506}, T 0.83, 1.61s/game
[train_mb] game   350/1500 seed 12349  last 25: wins 22, safe  70.0, turns  53.7, reward +0.000, agree 0.37, |dw| 19.9885, ratio 1.558 pools {'up': 1.3081, 'down': 1.178, 'left': 1.5726, 'right': 1.2411, 'reveal': 2.5271, 'jump': 1.5116}, T 0.81, 1.65s/game
[train_mb] game   375/1500 seed 12374  last 25: wins 22, safe  70.4, turns  51.2, reward +0.000, agree 0.36, |dw| 17.8529, ratio 1.555 pools {'up': 1.2326, 'down': 1.2285, 'left': 1.5196, 'right': 1.2956, 'reveal': 2.3865, 'jump': 1.6574}, T 0.80, 1.74s/game
[train_mb] game   400/1500 seed 12399  last 25: wins 23, safe  70.8, turns  55.6, reward +0.000, agree 0.38, |dw| 19.7486, ratio 1.540 pools {'up': 1.2397, 'down': 1.2352, 'left': 1.5245, 'right': 1.3261, 'reveal': 2.3447, 'jump': 1.5627}, T 0.79, 1.81s/game
[train_mb] game   425/1500 seed 12424  last 25: wins 25, safe  71.0, turns  51.7, reward +0.000, agree 0.38, |dw| 17.5410, ratio 1.531 pools {'up': 1.2614, 'down': 1.2075, 'left': 1.6235, 'right': 1.2448, 'reveal': 2.3442, 'jump': 1.4983}, T 0.77, 1.84s/game
[train_mb] game   450/1500 seed 12449  last 25: wins 20, safe  66.3, turns  50.2, reward +0.000, agree 0.39, |dw| 17.5669, ratio 1.563 pools {'up': 1.3513, 'down': 1.3191, 'left': 1.466, 'right': 1.2049, 'reveal': 2.3971, 'jump': 1.6252}, T 0.76, 1.86s/game
[train_mb] game   475/1500 seed 12474  last 25: wins 23, safe  69.3, turns  50.5, reward +0.000, agree 0.38, |dw| 16.0443, ratio 1.557 pools {'up': 1.4083, 'down': 1.2625, 'left': 1.5847, 'right': 1.2848, 'reveal': 2.249, 'jump': 1.5414}, T 0.75, 1.84s/game
[train_mb] game   500/1500 seed 12499  last 25: wins 21, safe  67.6, turns  45.5, reward +0.000, agree 0.43, |dw| 14.6271, ratio 1.556 pools {'up': 1.277, 'down': 1.2667, 'left': 1.5208, 'right': 1.3542, 'reveal': 2.1732, 'jump': 1.7337}, T 0.73, 1.82s/game
[train_mb] game   525/1500 seed 12524  last 25: wins 22, safe  69.4, turns  50.3, reward +0.000, agree 0.40, |dw| 17.0946, ratio 1.567 pools {'up': 1.2199, 'down': 1.2409, 'left': 1.5932, 'right': 1.3087, 'reveal': 2.4602, 'jump': 1.5659}, T 0.72, 1.81s/game
[train_mb] game   550/1500 seed 12549  last 25: wins 25, safe  71.0, turns  51.8, reward +0.000, agree 0.38, |dw| 16.5487, ratio 1.545 pools {'up': 1.3027, 'down': 1.3627, 'left': 1.5036, 'right': 1.2472, 'reveal': 2.3347, 'jump': 1.5082}, T 0.71, 1.81s/game
[train_mb] game   575/1500 seed 12574  last 25: wins 20, safe  70.0, turns  51.1, reward +0.000, agree 0.41, |dw| 18.0850, ratio 1.567 pools {'up': 1.3145, 'down': 1.2513, 'left': 1.5365, 'right': 1.2942, 'reveal': 2.4501, 'jump': 1.5425}, T 0.69, 1.80s/game
[train_mb] game   600/1500 seed 12599  last 25: wins 19, safe  68.8, turns  47.0, reward +0.000, agree 0.43, |dw| 15.3665, ratio 1.564 pools {'up': 1.3108, 'down': 1.2738, 'left': 1.4766, 'right': 1.2383, 'reveal': 2.4918, 'jump': 1.5785}, T 0.68, 1.80s/game
[train_mb] game   625/1500 seed 12624  last 25: wins 22, safe  69.6, turns  54.2, reward +0.000, agree 0.42, |dw| 16.7679, ratio 1.579 pools {'up': 1.3889, 'down': 1.2624, 'left': 1.6013, 'right': 1.2003, 'reveal': 2.3485, 'jump': 1.6596}, T 0.67, 1.82s/game
[train_mb] game   650/1500 seed 12649  last 25: wins 21, safe  70.2, turns  46.4, reward +0.000, agree 0.41, |dw| 15.6019, ratio 1.553 pools {'up': 1.2967, 'down': 1.2367, 'left': 1.5155, 'right': 1.4293, 'reveal': 2.236, 'jump': 1.5948}, T 0.65, 1.82s/game
[train_mb] game   675/1500 seed 12674  last 25: wins 23, safe  70.8, turns  49.7, reward +0.000, agree 0.42, |dw| 15.5215, ratio 1.565 pools {'up': 1.2588, 'down': 1.3135, 'left': 1.5824, 'right': 1.2505, 'reveal': 2.2458, 'jump': 1.729}, T 0.64, 1.81s/game
[train_mb] game   700/1500 seed 12699  last 25: wins 19, safe  69.2, turns  55.1, reward +0.000, agree 0.44, |dw| 17.6626, ratio 1.576 pools {'up': 1.2696, 'down': 1.334, 'left': 1.56, 'right': 1.3661, 'reveal': 2.2651, 'jump': 1.6494}, T 0.63, 1.81s/game
[train_mb] game   725/1500 seed 12724  last 25: wins 23, safe  70.5, turns  54.7, reward +0.000, agree 0.43, |dw| 16.2784, ratio 1.563 pools {'up': 1.3877, 'down': 1.3346, 'left': 1.4869, 'right': 1.3314, 'reveal': 2.2228, 'jump': 1.605}, T 0.61, 1.80s/game
[train_mb] game   750/1500 seed 12749  last 25: wins 20, safe  65.5, turns  45.2, reward +0.000, agree 0.42, |dw| 14.6536, ratio 1.573 pools {'up': 1.4179, 'down': 1.2784, 'left': 1.564, 'right': 1.1892, 'reveal': 2.3821, 'jump': 1.5939}, T 0.60, 1.77s/game
[train_mb] game   775/1500 seed 12774  last 25: wins 25, safe  71.0, turns  47.6, reward +0.000, agree 0.46, |dw| 13.9390, ratio 1.554 pools {'up': 1.3048, 'down': 1.3686, 'left': 1.5622, 'right': 1.3562, 'reveal': 2.0252, 'jump': 1.6998}, T 0.59, 1.76s/game
[train_mb] game   800/1500 seed 12799  last 25: wins 21, safe  69.9, turns  51.5, reward +0.000, agree 0.47, |dw| 15.6731, ratio 1.546 pools {'up': 1.3175, 'down': 1.3252, 'left': 1.5735, 'right': 1.2714, 'reveal': 2.1653, 'jump': 1.6141}, T 0.57, 1.75s/game
[train_mb] game   825/1500 seed 12824  last 25: wins 25, safe  71.0, turns  54.2, reward +0.000, agree 0.48, |dw| 15.3919, ratio 1.589 pools {'up': 1.4236, 'down': 1.133, 'left': 1.4618, 'right': 1.431, 'reveal': 2.5247, 'jump': 1.5462}, T 0.56, 1.74s/game
[train_mb] game   850/1500 seed 12849  last 25: wins 21, safe  70.0, turns  53.9, reward +0.000, agree 0.46, |dw| 17.6040, ratio 1.550 pools {'up': 1.271, 'down': 1.2306, 'left': 1.4884, 'right': 1.3233, 'reveal': 2.4864, 'jump': 1.4872}, T 0.55, 1.74s/game
[train_mb] game   875/1500 seed 12874  last 25: wins 23, safe  70.8, turns  52.2, reward +0.000, agree 0.45, |dw| 15.2634, ratio 1.524 pools {'up': 1.3585, 'down': 1.3377, 'left': 1.6143, 'right': 1.1975, 'reveal': 1.9999, 'jump': 1.6256}, T 0.53, 1.73s/game
[train_mb] game   900/1500 seed 12899  last 25: wins 22, safe  68.1, turns  48.0, reward +0.000, agree 0.49, |dw| 12.9354, ratio 1.540 pools {'up': 1.4093, 'down': 1.1844, 'left': 1.5174, 'right': 1.3888, 'reveal': 2.1515, 'jump': 1.5816}, T 0.52, 1.73s/game
[train_mb] game   925/1500 seed 12924  last 25: wins 22, safe  70.8, turns  54.3, reward +0.000, agree 0.48, |dw| 15.2411, ratio 1.536 pools {'up': 1.2869, 'down': 1.2814, 'left': 1.6523, 'right': 1.2053, 'reveal': 2.1877, 'jump': 1.5953}, T 0.51, 1.73s/game
[train_mb] game   950/1500 seed 12949  last 25: wins 21, safe  70.1, turns  49.4, reward +0.000, agree 0.51, |dw| 12.9643, ratio 1.523 pools {'up': 1.3308, 'down': 1.2658, 'left': 1.5838, 'right': 1.2483, 'reveal': 2.1227, 'jump': 1.5781}, T 0.49, 1.72s/game
[train_mb] game   975/1500 seed 12974  last 25: wins 22, safe  70.8, turns  51.5, reward +0.000, agree 0.50, |dw| 13.0862, ratio 1.525 pools {'up': 1.3385, 'down': 1.2816, 'left': 1.5776, 'right': 1.2597, 'reveal': 2.0413, 'jump': 1.6405}, T 0.48, 1.72s/game
[train_mb] game  1000/1500 seed 12999  last 25: wins 20, safe  69.0, turns  51.6, reward +0.000, agree 0.50, |dw| 14.0489, ratio 1.546 pools {'up': 1.3262, 'down': 1.2756, 'left': 1.4313, 'right': 1.3721, 'reveal': 2.2053, 'jump': 1.6514}, T 0.47, 1.72s/game
[train_mb] game  1025/1500 seed 13024  last 25: wins 23, safe  70.4, turns  51.8, reward +0.000, agree 0.50, |dw| 13.7238, ratio 1.534 pools {'up': 1.3878, 'down': 1.2071, 'left': 1.515, 'right': 1.2763, 'reveal': 2.1087, 'jump': 1.6982}, T 0.45, 1.73s/game
[train_mb] game  1050/1500 seed 13049  last 25: wins 23, safe  70.6, turns  51.8, reward +0.000, agree 0.48, |dw| 15.2360, ratio 1.511 pools {'up': 1.2935, 'down': 1.2858, 'left': 1.6125, 'right': 1.2395, 'reveal': 1.9791, 'jump': 1.6494}, T 0.44, 1.75s/game
[train_mb] game  1075/1500 seed 13074  last 25: wins 23, safe  70.5, turns  52.2, reward +0.000, agree 0.53, |dw| 12.2114, ratio 1.506 pools {'up': 1.3489, 'down': 1.3298, 'left': 1.6784, 'right': 1.2512, 'reveal': 1.8574, 'jump': 1.564}, T 0.43, 1.80s/game
[train_mb] game  1100/1500 seed 13099  last 25: wins 21, safe  68.6, turns  53.4, reward +0.000, agree 0.50, |dw| 15.8259, ratio 1.537 pools {'up': 1.3248, 'down': 1.424, 'left': 1.5348, 'right': 1.0416, 'reveal': 2.2342, 'jump': 1.6453}, T 0.41, 1.85s/game
[train_mb] game  1125/1500 seed 13124  last 25: wins 22, safe  69.9, turns  51.6, reward +0.000, agree 0.56, |dw| 11.8032, ratio 1.548 pools {'up': 1.3655, 'down': 1.3489, 'left': 1.5797, 'right': 1.2061, 'reveal': 2.0998, 'jump': 1.6776}, T 0.40, 1.94s/game
[train_mb] game  1150/1500 seed 13149  last 25: wins 20, safe  69.4, turns  50.1, reward +0.000, agree 0.54, |dw| 13.7425, ratio 1.517 pools {'up': 1.2953, 'down': 1.2952, 'left': 1.4408, 'right': 1.2782, 'reveal': 2.2037, 'jump': 1.5741}, T 0.39, 1.96s/game
[train_mb] game  1175/1500 seed 13174  last 25: wins 23, safe  70.9, turns  53.2, reward +0.000, agree 0.54, |dw| 13.4090, ratio 1.507 pools {'up': 1.275, 'down': 1.4093, 'left': 1.4816, 'right': 1.1683, 'reveal': 2.114, 'jump': 1.581}, T 0.37, 2.02s/game
[train_mb] game  1200/1500 seed 13199  last 25: wins 23, safe  69.4, turns  48.8, reward +0.000, agree 0.57, |dw| 10.9682, ratio 1.488 pools {'up': 1.2608, 'down': 1.2919, 'left': 1.5369, 'right': 1.2499, 'reveal': 2.0022, 'jump': 1.578}, T 0.36, 2.05s/game
[train_mb] game  1225/1500 seed 13224  last 25: wins 21, safe  70.2, turns  57.1, reward +0.000, agree 0.54, |dw| 15.4909, ratio 1.543 pools {'up': 1.3193, 'down': 1.2741, 'left': 1.3133, 'right': 1.1252, 'reveal': 2.5277, 'jump': 1.6719}, T 0.35, 2.04s/game
[train_mb] game  1250/1500 seed 13249  last 25: wins 19, safe  68.1, turns  49.8, reward +0.000, agree 0.55, |dw| 11.8007, ratio 1.519 pools {'up': 1.2486, 'down': 1.304, 'left': 1.5292, 'right': 1.2239, 'reveal': 2.1038, 'jump': 1.6933}, T 0.33, 2.03s/game
[train_mb] game  1275/1500 seed 13274  last 25: wins 22, safe  68.7, turns  52.9, reward +0.000, agree 0.57, |dw| 12.4962, ratio 1.507 pools {'up': 1.4221, 'down': 1.3119, 'left': 1.4177, 'right': 1.0536, 'reveal': 2.1803, 'jump': 1.6354}, T 0.32, 2.02s/game
[train_mb] game  1300/1500 seed 13299  last 25: wins 20, safe  68.7, turns  50.7, reward +0.000, agree 0.60, |dw| 10.8955, ratio 1.504 pools {'up': 1.3857, 'down': 1.2307, 'left': 1.5173, 'right': 1.1444, 'reveal': 2.0876, 'jump': 1.645}, T 0.31, 2.01s/game
[train_mb] game  1325/1500 seed 13324  last 25: wins 20, safe  70.0, turns  50.7, reward +0.000, agree 0.59, |dw| 10.5927, ratio 1.513 pools {'up': 1.2765, 'down': 1.3565, 'left': 1.4114, 'right': 1.1814, 'reveal': 2.2021, 'jump': 1.634}, T 0.29, 1.99s/game
[train_mb] game  1350/1500 seed 13349  last 25: wins 21, safe  70.5, turns  51.6, reward +0.000, agree 0.61, |dw| 10.4872, ratio 1.511 pools {'up': 1.3584, 'down': 1.2976, 'left': 1.3783, 'right': 1.1934, 'reveal': 2.2065, 'jump': 1.6171}, T 0.28, 1.98s/game
[train_mb] game  1375/1500 seed 13374  last 25: wins 20, safe  67.5, turns  49.3, reward +0.000, agree 0.63, |dw| 9.9743, ratio 1.518 pools {'up': 1.2944, 'down': 1.3771, 'left': 1.3941, 'right': 1.139, 'reveal': 2.2094, 'jump': 1.6763}, T 0.27, 1.97s/game
[train_mb] game  1400/1500 seed 13399  last 25: wins 21, safe  70.6, turns  50.2, reward +0.000, agree 0.63, |dw| 10.5398, ratio 1.488 pools {'up': 1.4119, 'down': 1.2349, 'left': 1.3932, 'right': 1.1709, 'reveal': 1.9931, 'jump': 1.7119}, T 0.25, 1.96s/game
[train_mb] game  1425/1500 seed 13424  last 25: wins 23, safe  70.8, turns  50.4, reward +0.000, agree 0.67, |dw| 8.8885, ratio 1.495 pools {'up': 1.451, 'down': 1.2744, 'left': 1.3687, 'right': 1.2346, 'reveal': 1.9603, 'jump': 1.6654}, T 0.24, 1.95s/game
[train_mb] game  1450/1500 seed 13449  last 25: wins 22, safe  70.8, turns  54.2, reward +0.000, agree 0.68, |dw| 10.0075, ratio 1.491 pools {'up': 1.3524, 'down': 1.2481, 'left': 1.4722, 'right': 1.12, 'reveal': 2.0817, 'jump': 1.6568}, T 0.23, 1.94s/game
[train_mb] game  1475/1500 seed 13474  last 25: wins 24, safe  70.9, turns  54.7, reward +0.000, agree 0.65, |dw| 9.8787, ratio 1.478 pools {'up': 1.3876, 'down': 1.2628, 'left': 1.4831, 'right': 1.1714, 'reveal': 1.9067, 'jump': 1.6457}, T 0.21, 1.92s/game
[train_mb] game  1500/1500 seed 13499  last 25: wins 21, safe  70.4, turns  52.9, reward +0.000, agree 0.65, |dw| 9.7989, ratio 1.450 pools {'up': 1.4095, 'down': 1.2441, 'left': 1.412, 'right': 1.1265, 'reveal': 1.8699, 'jump': 1.6224}, T 0.20, 1.91s/game
# r2_error_sparse

| games | n | win_rate | mean_safe | mean_turns | mean_reward | teacher_agreement | mean_abs_dw | mean_ratio | temperature |
|---|---|---|---|---|---|---|---|---|---|
| 0-99 | 100 | 0.86 | 69.27 | 51.3 | 0.0 | 0.337 | 19.6471 | 1.2446 | 0.974 |
| 100-199 | 100 | 0.87 | 70.22 | 54.0 | 0.0 | 0.351 | 19.6411 | 1.4676 | 0.92 |
| 200-299 | 100 | 0.79 | 69.12 | 51.4 | 0.0 | 0.361 | 18.9336 | 1.5202 | 0.867 |
| 300-399 | 100 | 0.88 | 70.05 | 52.3 | 0.0 | 0.373 | 18.5494 | 1.5436 | 0.814 |
| 400-499 | 100 | 0.89 | 68.56 | 49.5 | 0.0 | 0.396 | 16.4448 | 1.5439 | 0.76 |
| 500-599 | 100 | 0.86 | 69.81 | 50.1 | 0.0 | 0.403 | 16.7737 | 1.5577 | 0.707 |
| 600-699 | 100 | 0.85 | 69.94 | 51.4 | 0.0 | 0.42 | 16.3885 | 1.5648 | 0.654 |
| 700-799 | 100 | 0.89 | 69.23 | 49.8 | 0.0 | 0.444 | 15.136 | 1.5593 | 0.6 |
| 800-899 | 100 | 0.91 | 69.98 | 52.1 | 0.0 | 0.47 | 15.2987 | 1.5483 | 0.547 |
| 900-999 | 100 | 0.85 | 70.17 | 51.7 | 0.0 | 0.497 | 13.8351 | 1.5366 | 0.494 |
| 1000-1099 | 100 | 0.9 | 70.03 | 52.3 | 0.0 | 0.501 | 14.2493 | 1.5274 | 0.44 |
| 1100-1199 | 100 | 0.88 | 69.9 | 50.9 | 0.0 | 0.553 | 12.4807 | 1.5184 | 0.387 |
| 1200-1299 | 100 | 0.82 | 68.93 | 52.6 | 0.0 | 0.567 | 12.6708 | 1.511 | 0.334 |
| 1300-1399 | 100 | 0.82 | 69.63 | 50.5 | 0.0 | 0.614 | 10.3985 | 1.5057 | 0.28 |
| 1400-1499 | 100 | 0.9 | 70.73 | 53.1 | 0.0 | 0.663 | 9.6434 | 1.4873 | 0.227 |

[train_mb] done: 1500 games in 2859s -> outputs/mb/r2_error_sparse
