[train_mb] design: {"action_mbons": {"up": ["MBON09", "MBON32", "MBON30", "MBON31", "MBON25-like", "MBON28"], "down": ["MBON02", "MBON06", "MBON04", "MBON15-like", "MBON25", "MBON17-like"], "left": ["MBON11", "MBON05", "MBON21", "MBON23", "MBON27"], "right": ["MBON12", "MBON29", "MBON24", "MBON03", "MBON16"], "reveal": ["MBON07", "MBON01", "MBON18", "MBON10", "MBON15", "MBON26"], "jump": ["MBON14", "MBON22", "MBON20", "MBON19", "MBON13", "MBON17"]}, "pool_cells": {"up": 16, "down": 14, "left": 10, "right": 12, "reveal": 23, "jump": 16}, "plastic_edges": 59334, "plastic_edges_per_pool": {"up": 9982, "down": 9999, "left": 9645, "right": 9681, "reveal": 10026, "jump": 10001}, "kc_cells": 4064, "kc_kc_edges_silenced": 642933, "pn_kc_edges": 22586, "kc_bias": -0.2, "kc_kc_gain": 0.0, "pn_kc_gain": 1.0, "pn_bias": 0.0, "pn_cells": 686, "pam_cells": 316, "ppl1_cells": 16, "games_trained": 0}
[train_mb] game     1/1500 seed 12000  last 1: wins 1, safe  71.0, turns  44.0, reward +0.000, agree 0.16, |dw| 15.2964, ratio 0.995 pools {'up': 0.9602, 'down': 0.9729, 'left': 0.9981, 'right': 0.9945, 'reveal': 1.0569, 'jump': 0.9847}, T 1.00, 1.19s/game
[train_mb] game    25/1500 seed 12024  last 25: wins 20, safe  67.6, turns  49.8, reward +0.000, agree 0.23, |dw| 14.3920, ratio 1.124 pools {'up': 0.7686, 'down': 1.0065, 'left': 1.154, 'right': 1.0284, 'reveal': 1.6746, 'jump': 1.1064}, T 0.99, 1.53s/game
[train_mb] game    50/1500 seed 12049  last 25: wins 23, safe  70.5, turns  55.8, reward +0.000, agree 0.25, |dw| 15.1460, ratio 1.270 pools {'up': 0.9118, 'down': 1.152, 'left': 1.4168, 'right': 1.0939, 'reveal': 1.8597, 'jump': 1.1851}, T 0.97, 1.52s/game
[train_mb] game    75/1500 seed 12074  last 25: wins 22, safe  70.7, turns  50.7, reward +0.000, agree 0.25, |dw| 13.4327, ratio 1.358 pools {'up': 0.9601, 'down': 1.2108, 'left': 1.5326, 'right': 1.2383, 'reveal': 1.9494, 'jump': 1.2551}, T 0.96, 1.45s/game
[train_mb] game   100/1500 seed 12099  last 25: wins 21, safe  68.2, turns  49.0, reward +0.000, agree 0.23, |dw| 13.1675, ratio 1.421 pools {'up': 1.0253, 'down': 1.2493, 'left': 1.6793, 'right': 1.2806, 'reveal': 2.0092, 'jump': 1.2857}, T 0.95, 1.42s/game
[train_mb] game   125/1500 seed 12124  last 25: wins 20, safe  69.8, turns  58.1, reward +0.000, agree 0.23, |dw| 15.9982, ratio 1.486 pools {'up': 1.0346, 'down': 1.2699, 'left': 1.708, 'right': 1.3617, 'reveal': 2.1481, 'jump': 1.3937}, T 0.93, 1.45s/game
[train_mb] game   150/1500 seed 12149  last 25: wins 20, safe  70.2, turns  53.2, reward +0.000, agree 0.24, |dw| 13.9154, ratio 1.537 pools {'up': 1.0586, 'down': 1.3381, 'left': 1.7566, 'right': 1.4359, 'reveal': 2.1687, 'jump': 1.4667}, T 0.92, 1.48s/game
[train_mb] game   175/1500 seed 12174  last 25: wins 24, safe  70.8, turns  52.7, reward +0.000, agree 0.25, |dw| 13.6366, ratio 1.580 pools {'up': 1.0857, 'down': 1.4004, 'left': 1.8292, 'right': 1.4947, 'reveal': 2.1556, 'jump': 1.5165}, T 0.91, 1.50s/game
[train_mb] game   200/1500 seed 12199  last 25: wins 23, safe  70.2, turns  52.1, reward +0.000, agree 0.25, |dw| 13.7647, ratio 1.617 pools {'up': 1.1123, 'down': 1.4036, 'left': 1.8981, 'right': 1.5563, 'reveal': 2.1654, 'jump': 1.5734}, T 0.89, 1.50s/game
[train_mb] game   225/1500 seed 12224  last 25: wins 17, safe  69.8, turns  54.3, reward +0.000, agree 0.27, |dw| 14.9078, ratio 1.653 pools {'up': 1.1423, 'down': 1.4558, 'left': 1.8898, 'right': 1.5553, 'reveal': 2.235, 'jump': 1.6456}, T 0.88, 1.49s/game
[train_mb] game   250/1500 seed 12249  last 25: wins 21, safe  68.4, turns  51.9, reward +0.000, agree 0.24, |dw| 13.2739, ratio 1.683 pools {'up': 1.1207, 'down': 1.4945, 'left': 1.8896, 'right': 1.6241, 'reveal': 2.225, 'jump': 1.7464}, T 0.87, 1.50s/game
[train_mb] game   275/1500 seed 12274  last 25: wins 17, safe  67.5, turns  48.2, reward +0.000, agree 0.22, |dw| 12.8745, ratio 1.704 pools {'up': 1.1248, 'down': 1.5603, 'left': 1.9071, 'right': 1.6511, 'reveal': 2.205, 'jump': 1.7774}, T 0.85, 1.49s/game
[train_mb] game   300/1500 seed 12299  last 25: wins 24, safe  70.8, turns  51.3, reward +0.000, agree 0.25, |dw| 13.7977, ratio 1.730 pools {'up': 1.1873, 'down': 1.5374, 'left': 1.9995, 'right': 1.6316, 'reveal': 2.1866, 'jump': 1.8429}, T 0.84, 1.50s/game
[train_mb] game   325/1500 seed 12324  last 25: wins 21, safe  69.0, turns  48.6, reward +0.000, agree 0.27, |dw| 12.8614, ratio 1.740 pools {'up': 1.1815, 'down': 1.5002, 'left': 1.973, 'right': 1.713, 'reveal': 2.2269, 'jump': 1.8496}, T 0.83, 1.52s/game
[train_mb] game   350/1500 seed 12349  last 25: wins 22, safe  70.0, turns  53.7, reward +0.000, agree 0.25, |dw| 14.6542, ratio 1.767 pools {'up': 1.1979, 'down': 1.4802, 'left': 2.0196, 'right': 1.6766, 'reveal': 2.3119, 'jump': 1.9168}, T 0.81, 1.54s/game
[train_mb] game   375/1500 seed 12374  last 25: wins 22, safe  70.4, turns  51.2, reward +0.000, agree 0.26, |dw| 13.3190, ratio 1.775 pools {'up': 1.1826, 'down': 1.5529, 'left': 2.0484, 'right': 1.6925, 'reveal': 2.225, 'jump': 1.9528}, T 0.80, 1.58s/game
[train_mb] game   400/1500 seed 12399  last 25: wins 23, safe  70.8, turns  55.6, reward +0.000, agree 0.25, |dw| 14.7059, ratio 1.787 pools {'up': 1.1883, 'down': 1.6124, 'left': 2.0299, 'right': 1.6749, 'reveal': 2.2598, 'jump': 1.9598}, T 0.79, 1.69s/game
[train_mb] game   425/1500 seed 12424  last 25: wins 25, safe  71.0, turns  51.7, reward +0.000, agree 0.26, |dw| 13.2974, ratio 1.797 pools {'up': 1.2043, 'down': 1.6304, 'left': 2.0969, 'right': 1.6839, 'reveal': 2.2153, 'jump': 1.9579}, T 0.77, 1.73s/game
[train_mb] game   450/1500 seed 12449  last 25: wins 20, safe  66.3, turns  50.2, reward +0.000, agree 0.27, |dw| 13.4639, ratio 1.815 pools {'up': 1.1975, 'down': 1.6113, 'left': 2.0405, 'right': 1.7018, 'reveal': 2.2873, 'jump': 2.0529}, T 0.76, 1.75s/game
[train_mb] game   475/1500 seed 12474  last 25: wins 23, safe  69.3, turns  50.5, reward +0.000, agree 0.26, |dw| 12.8897, ratio 1.823 pools {'up': 1.2056, 'down': 1.6245, 'left': 2.1312, 'right': 1.7099, 'reveal': 2.2301, 'jump': 2.039}, T 0.75, 1.77s/game
[train_mb] game   500/1500 seed 12499  last 25: wins 21, safe  67.6, turns  45.5, reward +0.000, agree 0.29, |dw| 11.8766, ratio 1.831 pools {'up': 1.1929, 'down': 1.6399, 'left': 2.1046, 'right': 1.7397, 'reveal': 2.2356, 'jump': 2.0749}, T 0.73, 1.74s/game
[train_mb] game   525/1500 seed 12524  last 25: wins 22, safe  69.4, turns  50.3, reward +0.000, agree 0.25, |dw| 13.2529, ratio 1.835 pools {'up': 1.204, 'down': 1.6242, 'left': 2.1328, 'right': 1.7342, 'reveal': 2.2648, 'jump': 2.0535}, T 0.72, 1.73s/game
[train_mb] game   550/1500 seed 12549  last 25: wins 25, safe  71.0, turns  51.8, reward +0.000, agree 0.26, |dw| 13.1836, ratio 1.847 pools {'up': 1.2178, 'down': 1.6424, 'left': 2.1437, 'right': 1.7513, 'reveal': 2.2306, 'jump': 2.1}, T 0.71, 1.73s/game
[train_mb] game   575/1500 seed 12574  last 25: wins 20, safe  70.0, turns  51.1, reward +0.000, agree 0.25, |dw| 13.7979, ratio 1.863 pools {'up': 1.2202, 'down': 1.6629, 'left': 2.1626, 'right': 1.743, 'reveal': 2.3005, 'jump': 2.0915}, T 0.69, 1.72s/game
[train_mb] game   600/1500 seed 12599  last 25: wins 19, safe  68.8, turns  47.0, reward +0.000, agree 0.27, |dw| 12.4192, ratio 1.856 pools {'up': 1.2344, 'down': 1.6148, 'left': 2.1267, 'right': 1.7593, 'reveal': 2.2837, 'jump': 2.1187}, T 0.68, 1.71s/game
[train_mb] game   625/1500 seed 12624  last 25: wins 22, safe  69.6, turns  54.2, reward +0.000, agree 0.28, |dw| 13.9316, ratio 1.861 pools {'up': 1.2469, 'down': 1.6508, 'left': 2.1298, 'right': 1.7484, 'reveal': 2.2646, 'jump': 2.1309}, T 0.67, 1.72s/game
[train_mb] game   650/1500 seed 12649  last 25: wins 21, safe  70.2, turns  46.4, reward +0.000, agree 0.28, |dw| 12.2372, ratio 1.872 pools {'up': 1.2485, 'down': 1.6424, 'left': 2.1133, 'right': 1.8088, 'reveal': 2.3016, 'jump': 2.1227}, T 0.65, 1.72s/game
[train_mb] game   675/1500 seed 12674  last 25: wins 23, safe  70.8, turns  49.7, reward +0.000, agree 0.28, |dw| 12.5537, ratio 1.876 pools {'up': 1.2611, 'down': 1.6586, 'left': 2.1299, 'right': 1.8098, 'reveal': 2.25, 'jump': 2.1512}, T 0.64, 1.73s/game
[train_mb] game   700/1500 seed 12699  last 25: wins 19, safe  69.2, turns  55.1, reward +0.000, agree 0.29, |dw| 14.3886, ratio 1.883 pools {'up': 1.2532, 'down': 1.6488, 'left': 2.1268, 'right': 1.8476, 'reveal': 2.2796, 'jump': 2.1455}, T 0.63, 1.73s/game
[train_mb] game   725/1500 seed 12724  last 25: wins 23, safe  70.5, turns  54.7, reward +0.000, agree 0.28, |dw| 13.9018, ratio 1.883 pools {'up': 1.2976, 'down': 1.6682, 'left': 2.0841, 'right': 1.8338, 'reveal': 2.2561, 'jump': 2.1591}, T 0.61, 1.73s/game
[train_mb] game   750/1500 seed 12749  last 25: wins 20, safe  65.5, turns  45.2, reward +0.000, agree 0.29, |dw| 11.8525, ratio 1.890 pools {'up': 1.3199, 'down': 1.6717, 'left': 2.1349, 'right': 1.7867, 'reveal': 2.2604, 'jump': 2.1696}, T 0.60, 1.71s/game
[train_mb] game   775/1500 seed 12774  last 25: wins 25, safe  71.0, turns  47.6, reward +0.000, agree 0.31, |dw| 12.3038, ratio 1.898 pools {'up': 1.3016, 'down': 1.7126, 'left': 2.1086, 'right': 1.8507, 'reveal': 2.2071, 'jump': 2.2128}, T 0.59, 1.70s/game
[train_mb] game   800/1500 seed 12799  last 25: wins 21, safe  69.9, turns  51.5, reward +0.000, agree 0.29, |dw| 13.3640, ratio 1.897 pools {'up': 1.2983, 'down': 1.6911, 'left': 2.1582, 'right': 1.8097, 'reveal': 2.247, 'jump': 2.1841}, T 0.57, 1.68s/game
[train_mb] game   825/1500 seed 12824  last 25: wins 25, safe  71.0, turns  54.2, reward +0.000, agree 0.32, |dw| 14.1428, ratio 1.909 pools {'up': 1.3431, 'down': 1.6125, 'left': 2.1445, 'right': 1.8627, 'reveal': 2.2262, 'jump': 2.2715}, T 0.56, 1.67s/game
[train_mb] game   850/1500 seed 12849  last 25: wins 21, safe  70.0, turns  53.9, reward +0.000, agree 0.30, |dw| 14.6047, ratio 1.918 pools {'up': 1.3219, 'down': 1.6122, 'left': 2.1526, 'right': 1.8594, 'reveal': 2.2576, 'jump': 2.3074}, T 0.55, 1.67s/game
[train_mb] game   875/1500 seed 12874  last 25: wins 23, safe  70.8, turns  52.2, reward +0.000, agree 0.30, |dw| 13.4994, ratio 1.918 pools {'up': 1.3516, 'down': 1.6028, 'left': 2.1566, 'right': 1.8767, 'reveal': 2.2059, 'jump': 2.3177}, T 0.53, 1.66s/game
[train_mb] game   900/1500 seed 12899  last 25: wins 22, safe  68.1, turns  48.0, reward +0.000, agree 0.31, |dw| 12.1161, ratio 1.926 pools {'up': 1.3623, 'down': 1.63, 'left': 2.167, 'right': 1.8953, 'reveal': 2.1872, 'jump': 2.3216}, T 0.52, 1.66s/game
[train_mb] game   925/1500 seed 12924  last 25: wins 22, safe  70.8, turns  54.3, reward +0.000, agree 0.32, |dw| 13.9180, ratio 1.930 pools {'up': 1.3347, 'down': 1.6667, 'left': 2.1963, 'right': 1.8541, 'reveal': 2.2029, 'jump': 2.33}, T 0.51, 1.65s/game
[train_mb] game   950/1500 seed 12949  last 25: wins 21, safe  70.1, turns  49.4, reward +0.000, agree 0.33, |dw| 12.4684, ratio 1.932 pools {'up': 1.3336, 'down': 1.66, 'left': 2.2226, 'right': 1.8439, 'reveal': 2.2068, 'jump': 2.3295}, T 0.49, 1.65s/game
[train_mb] game   975/1500 seed 12974  last 25: wins 22, safe  70.8, turns  51.5, reward +0.000, agree 0.32, |dw| 12.8458, ratio 1.938 pools {'up': 1.3369, 'down': 1.6839, 'left': 2.2293, 'right': 1.8642, 'reveal': 2.1898, 'jump': 2.3333}, T 0.48, 1.65s/game
[train_mb] game  1000/1500 seed 12999  last 25: wins 20, safe  69.0, turns  51.6, reward +0.000, agree 0.32, |dw| 13.3157, ratio 1.945 pools {'up': 1.3568, 'down': 1.6422, 'left': 2.1804, 'right': 1.9436, 'reveal': 2.2078, 'jump': 2.3441}, T 0.47, 1.64s/game
[train_mb] game  1025/1500 seed 13024  last 25: wins 23, safe  70.4, turns  51.8, reward +0.000, agree 0.31, |dw| 13.2798, ratio 1.947 pools {'up': 1.3504, 'down': 1.6536, 'left': 2.1685, 'right': 1.9729, 'reveal': 2.1892, 'jump': 2.3553}, T 0.45, 1.65s/game
[train_mb] game  1050/1500 seed 13049  last 25: wins 23, safe  70.6, turns  51.8, reward +0.000, agree 0.33, |dw| 13.5953, ratio 1.951 pools {'up': 1.3419, 'down': 1.682, 'left': 2.2016, 'right': 1.94, 'reveal': 2.1961, 'jump': 2.3486}, T 0.44, 1.65s/game
[train_mb] game  1075/1500 seed 13074  last 25: wins 23, safe  70.5, turns  52.2, reward +0.000, agree 0.35, |dw| 13.0667, ratio 1.954 pools {'up': 1.3657, 'down': 1.688, 'left': 2.1921, 'right': 1.9636, 'reveal': 2.1885, 'jump': 2.3311}, T 0.43, 1.65s/game
[train_mb] game  1100/1500 seed 13099  last 25: wins 21, safe  68.6, turns  53.4, reward +0.000, agree 0.34, |dw| 14.7169, ratio 1.960 pools {'up': 1.358, 'down': 1.6846, 'left': 2.2293, 'right': 1.8668, 'reveal': 2.2517, 'jump': 2.3728}, T 0.41, 1.67s/game
[train_mb] game  1125/1500 seed 13124  last 25: wins 22, safe  69.9, turns  51.6, reward +0.000, agree 0.36, |dw| 13.2453, ratio 1.967 pools {'up': 1.3529, 'down': 1.6921, 'left': 2.2632, 'right': 1.9045, 'reveal': 2.1779, 'jump': 2.4202}, T 0.40, 1.72s/game
[train_mb] game  1150/1500 seed 13149  last 25: wins 20, safe  69.4, turns  50.1, reward +0.000, agree 0.36, |dw| 13.4934, ratio 1.966 pools {'up': 1.3351, 'down': 1.6881, 'left': 2.2238, 'right': 1.9191, 'reveal': 2.2286, 'jump': 2.4044}, T 0.39, 1.75s/game
[train_mb] game  1175/1500 seed 13174  last 25: wins 23, safe  70.9, turns  53.2, reward +0.000, agree 0.37, |dw| 13.8860, ratio 1.971 pools {'up': 1.3317, 'down': 1.7055, 'left': 2.2499, 'right': 1.909, 'reveal': 2.2507, 'jump': 2.3847}, T 0.37, 1.86s/game
[train_mb] game  1200/1500 seed 13199  last 25: wins 23, safe  69.4, turns  48.8, reward +0.000, agree 0.35, |dw| 12.2960, ratio 1.969 pools {'up': 1.3566, 'down': 1.6737, 'left': 2.2481, 'right': 1.9433, 'reveal': 2.1843, 'jump': 2.415}, T 0.36, 1.87s/game
[train_mb] game  1225/1500 seed 13224  last 25: wins 21, safe  70.2, turns  57.1, reward +0.000, agree 0.36, |dw| 15.4038, ratio 1.969 pools {'up': 1.3625, 'down': 1.6787, 'left': 2.1297, 'right': 1.9392, 'reveal': 2.3368, 'jump': 2.3706}, T 0.35, 1.93s/game
[train_mb] game  1250/1500 seed 13249  last 25: wins 19, safe  68.1, turns  49.8, reward +0.000, agree 0.39, |dw| 12.6979, ratio 1.964 pools {'up': 1.3244, 'down': 1.6964, 'left': 2.1756, 'right': 1.9662, 'reveal': 2.248, 'jump': 2.3816}, T 0.33, 1.96s/game
[train_mb] game  1275/1500 seed 13274  last 25: wins 22, safe  68.7, turns  52.9, reward +0.000, agree 0.39, |dw| 13.7890, ratio 1.970 pools {'up': 1.3861, 'down': 1.6953, 'left': 2.2029, 'right': 1.921, 'reveal': 2.2297, 'jump': 2.389}, T 0.32, 1.96s/game
[train_mb] game  1300/1500 seed 13299  last 25: wins 20, safe  68.7, turns  50.7, reward +0.000, agree 0.41, |dw| 13.0657, ratio 1.977 pools {'up': 1.4025, 'down': 1.672, 'left': 2.2162, 'right': 1.9361, 'reveal': 2.2488, 'jump': 2.3928}, T 0.31, 1.95s/game
[train_mb] game  1325/1500 seed 13324  last 25: wins 20, safe  70.0, turns  50.7, reward +0.000, agree 0.41, |dw| 12.9241, ratio 1.975 pools {'up': 1.3427, 'down': 1.7517, 'left': 2.2162, 'right': 1.9354, 'reveal': 2.2217, 'jump': 2.3855}, T 0.29, 1.94s/game
[train_mb] game  1350/1500 seed 13349  last 25: wins 21, safe  70.5, turns  51.6, reward +0.000, agree 0.41, |dw| 12.8438, ratio 1.981 pools {'up': 1.3802, 'down': 1.7435, 'left': 2.1905, 'right': 1.9614, 'reveal': 2.2196, 'jump': 2.3957}, T 0.28, 1.93s/game
[train_mb] game  1375/1500 seed 13374  last 25: wins 20, safe  67.5, turns  49.3, reward +0.000, agree 0.42, |dw| 12.7410, ratio 1.984 pools {'up': 1.4031, 'down': 1.7154, 'left': 2.237, 'right': 1.9247, 'reveal': 2.223, 'jump': 2.4059}, T 0.27, 1.91s/game
[train_mb] game  1400/1500 seed 13399  last 25: wins 21, safe  70.6, turns  50.2, reward +0.000, agree 0.45, |dw| 13.2161, ratio 1.981 pools {'up': 1.3977, 'down': 1.6918, 'left': 2.236, 'right': 1.9398, 'reveal': 2.2096, 'jump': 2.4149}, T 0.25, 1.90s/game
[train_mb] game  1425/1500 seed 13424  last 25: wins 23, safe  70.8, turns  50.4, reward +0.000, agree 0.43, |dw| 12.9188, ratio 1.992 pools {'up': 1.439, 'down': 1.6996, 'left': 2.2361, 'right': 1.9422, 'reveal': 2.2186, 'jump': 2.4188}, T 0.24, 1.89s/game
[train_mb] game  1450/1500 seed 13449  last 25: wins 22, safe  70.8, turns  54.2, reward +0.000, agree 0.43, |dw| 14.3572, ratio 1.991 pools {'up': 1.4103, 'down': 1.6952, 'left': 2.2173, 'right': 1.9322, 'reveal': 2.2628, 'jump': 2.4346}, T 0.23, 1.88s/game
[train_mb] game  1475/1500 seed 13474  last 25: wins 24, safe  70.9, turns  54.7, reward +0.000, agree 0.43, |dw| 13.8707, ratio 1.993 pools {'up': 1.4072, 'down': 1.7371, 'left': 2.2248, 'right': 1.961, 'reveal': 2.2056, 'jump': 2.4295}, T 0.21, 1.87s/game
[train_mb] game  1500/1500 seed 13499  last 25: wins 21, safe  70.4, turns  52.9, reward +0.000, agree 0.46, |dw| 13.8389, ratio 1.988 pools {'up': 1.4099, 'down': 1.7015, 'left': 2.1779, 'right': 1.9313, 'reveal': 2.2753, 'jump': 2.4328}, T 0.20, 1.87s/game
# r2_teacher

| games | n | win_rate | mean_safe | mean_turns | mean_reward | teacher_agreement | mean_abs_dw | mean_ratio | temperature |
|---|---|---|---|---|---|---|---|---|---|
| 0-99 | 100 | 0.86 | 69.27 | 51.3 | 0.0 | 0.24 | 14.0346 | 1.2398 | 0.974 |
| 100-199 | 100 | 0.87 | 70.22 | 54.0 | 0.0 | 0.242 | 14.3287 | 1.5309 | 0.92 |
| 200-299 | 100 | 0.79 | 69.12 | 51.4 | 0.0 | 0.247 | 13.7135 | 1.6792 | 0.867 |
| 300-399 | 100 | 0.88 | 70.05 | 52.3 | 0.0 | 0.26 | 13.8851 | 1.7593 | 0.814 |
| 400-499 | 100 | 0.89 | 68.56 | 49.5 | 0.0 | 0.271 | 12.8819 | 1.8099 | 0.76 |
| 500-599 | 100 | 0.86 | 69.81 | 50.1 | 0.0 | 0.254 | 13.1634 | 1.8471 | 0.707 |
| 600-699 | 100 | 0.85 | 69.94 | 51.4 | 0.0 | 0.282 | 13.2778 | 1.8698 | 0.654 |
| 700-799 | 100 | 0.89 | 69.23 | 49.8 | 0.0 | 0.294 | 12.8555 | 1.8909 | 0.6 |
| 800-899 | 100 | 0.91 | 69.98 | 52.1 | 0.0 | 0.305 | 13.5908 | 1.9152 | 0.547 |
| 900-999 | 100 | 0.85 | 70.17 | 51.7 | 0.0 | 0.323 | 13.137 | 1.9339 | 0.494 |
| 1000-1099 | 100 | 0.9 | 70.03 | 52.3 | 0.0 | 0.331 | 13.6647 | 1.9519 | 0.44 |
| 1100-1199 | 100 | 0.88 | 69.9 | 50.9 | 0.0 | 0.36 | 13.2302 | 1.9657 | 0.387 |
| 1200-1299 | 100 | 0.82 | 68.93 | 52.6 | 0.0 | 0.386 | 13.7391 | 1.9691 | 0.334 |
| 1300-1399 | 100 | 0.82 | 69.63 | 50.5 | 0.0 | 0.423 | 12.9312 | 1.9791 | 0.28 |
| 1400-1499 | 100 | 0.9 | 70.73 | 53.1 | 0.0 | 0.438 | 13.7464 | 1.9888 | 0.227 |

[train_mb] done: 1500 games in 2799s -> outputs/mb/r2_teacher
