[fly-mb] weights /Users/ashutosh/development-work/fruit-fly/outputs/mb/r3_teacher_l2/weights_000500.npz: 59334 plastic KC->MBON edges, 2000 games trained; pools up=16 cells, down=14 cells, left=10 cells, right=12 cells, reveal=23 cells, jump=16 cells; KC settings kc_kc_gain 0.0 kc_bias -0.3 pn_bias -0.3 pn_kc_gain 3.0; decision argmax (temperature 0.0), reveal margin 0.0, centred scores True
[train_mb] continuing from outputs/mb/r3_teacher_l2/weights_000500.npz: extra_orn 2, reward r3, mask_reveal True, epsilon 0.2, margin 0.25, eta 0.01, trace_decay 0.6
[train_mb] design: {"action_mbons": {"up": ["MBON09", "MBON32", "MBON30", "MBON31", "MBON25-like", "MBON28"], "down": ["MBON02", "MBON06", "MBON04", "MBON15-like", "MBON25", "MBON17-like"], "left": ["MBON11", "MBON05", "MBON21", "MBON23", "MBON27"], "right": ["MBON12", "MBON29", "MBON24", "MBON03", "MBON16"], "reveal": ["MBON07", "MBON01", "MBON18", "MBON10", "MBON15", "MBON26"], "jump": ["MBON14", "MBON22", "MBON20", "MBON19", "MBON13", "MBON17"]}, "pool_cells": {"up": 16, "down": 14, "left": 10, "right": 12, "reveal": 23, "jump": 16}, "plastic_edges": 59334, "plastic_edges_per_pool": {"up": 9982, "down": 9999, "left": 9645, "right": 9681, "reveal": 10026, "jump": 10001}, "kc_cells": 4064, "kc_kc_edges_silenced": 642933, "pn_kc_edges": 22586, "kc_bias": -0.3, "kc_kc_gain": 0.0, "pn_kc_gain": 3.0, "pn_bias": -0.3, "pn_cells": 686, "pam_cells": 316, "ppl1_cells": 16, "games_trained": 2000}
[train_mb] game     1/400 seed 16000  last 1: wins 1, safe  71.0, turns  89.0, reward +6.100, agree 0.62, |dw| 3.0269, ratio 1.677 pools {'up': 1.7291, 'down': 1.4416, 'left': 1.6874, 'right': 1.1785, 'reveal': 2.2099, 'jump': 1.7989}, T 0.00, 2.86s/game
[train_mb] game    25/400 seed 16024  last 25: wins 20, safe  70.0, turns  86.0, reward +4.940, agree 0.60, |dw| 2.8992, ratio 1.666 pools {'up': 1.6786, 'down': 1.4681, 'left': 1.7157, 'right': 1.2342, 'reveal': 2.0948, 'jump': 1.7921}, T 0.00, 2.89s/game
[train_mb] game    50/400 seed 16049  last 25: wins 22, safe  68.4, turns  68.2, reward +4.592, agree 0.61, |dw| 2.4353, ratio 1.658 pools {'up': 1.6717, 'down': 1.4649, 'left': 1.7291, 'right': 1.2543, 'reveal': 2.034, 'jump': 1.782}, T 0.00, 2.66s/game
[train_mb] game    75/400 seed 16074  last 25: wins 16, safe  66.3, turns  60.3, reward +3.916, agree 0.64, |dw| 2.2774, ratio 1.664 pools {'up': 1.709, 'down': 1.5089, 'left': 1.7627, 'right': 1.2493, 'reveal': 1.9384, 'jump': 1.8053}, T 0.00, 2.46s/game
[train_mb] game   100/400 seed 16099  last 25: wins 17, safe  65.0, turns  66.0, reward +4.404, agree 0.64, |dw| 2.4574, ratio 1.671 pools {'up': 1.7386, 'down': 1.5404, 'left': 1.7503, 'right': 1.2724, 'reveal': 1.8755, 'jump': 1.8401}, T 0.00, 2.40s/game
[train_mb] game   125/400 seed 16124  last 25: wins 21, safe  70.6, turns  85.1, reward +5.260, agree 0.64, |dw| 2.7510, ratio 1.681 pools {'up': 1.7477, 'down': 1.5914, 'left': 1.7723, 'right': 1.3119, 'reveal': 1.808, 'jump': 1.8452}, T 0.00, 2.62s/game
[train_mb] game   150/400 seed 16149  last 25: wins 22, safe  70.8, turns  77.5, reward +5.276, agree 0.66, |dw| 2.6902, ratio 1.692 pools {'up': 1.7606, 'down': 1.6212, 'left': 1.8167, 'right': 1.3377, 'reveal': 1.7656, 'jump': 1.8405}, T 0.00, 2.63s/game
[train_mb] game   175/400 seed 16174  last 25: wins 21, safe  70.5, turns  86.6, reward +4.512, agree 0.58, |dw| 2.6272, ratio 1.709 pools {'up': 1.7772, 'down': 1.6246, 'left': 1.8568, 'right': 1.3904, 'reveal': 1.7146, 'jump': 1.8865}, T 0.00, 2.67s/game
[train_mb] game   200/400 seed 16199  last 25: wins 19, safe  69.5, turns  70.2, reward +4.748, agree 0.62, |dw| 2.5095, ratio 1.729 pools {'up': 1.8228, 'down': 1.6398, 'left': 1.9016, 'right': 1.4132, 'reveal': 1.6639, 'jump': 1.9281}, T 0.00, 2.63s/game
[train_mb] game   225/400 seed 16224  last 25: wins 17, safe  66.0, turns  86.3, reward +4.044, agree 0.55, |dw| 2.6494, ratio 1.746 pools {'up': 1.8328, 'down': 1.6805, 'left': 1.9342, 'right': 1.4627, 'reveal': 1.6161, 'jump': 1.9506}, T 0.00, 2.67s/game
[train_mb] game   250/400 seed 16249  last 25: wins 23, safe  69.5, turns  97.2, reward +5.532, agree 0.56, |dw| 3.0265, ratio 1.761 pools {'up': 1.8495, 'down': 1.6917, 'left': 1.9795, 'right': 1.4567, 'reveal': 1.6101, 'jump': 1.9792}, T 0.00, 2.70s/game
[train_mb] game   275/400 seed 16274  last 25: wins 21, safe  68.6, turns  83.0, reward +4.544, agree 0.59, |dw| 2.4827, ratio 1.778 pools {'up': 1.8624, 'down': 1.7076, 'left': 2.0127, 'right': 1.4766, 'reveal': 1.5864, 'jump': 2.0197}, T 0.00, 2.71s/game
[train_mb] game   300/400 seed 16299  last 25: wins 20, safe  66.7, turns 106.5, reward +4.896, agree 0.54, |dw| 2.7675, ratio 1.799 pools {'up': 1.901, 'down': 1.7602, 'left': 2.0294, 'right': 1.5217, 'reveal': 1.5607, 'jump': 2.0236}, T 0.00, 2.72s/game
[train_mb] game   325/400 seed 16324  last 25: wins 23, safe  70.3, turns 102.2, reward +5.112, agree 0.54, |dw| 2.7875, ratio 1.818 pools {'up': 1.9119, 'down': 1.7705, 'left': 2.0763, 'right': 1.54, 'reveal': 1.5491, 'jump': 2.0602}, T 0.00, 2.73s/game
[train_mb] game   350/400 seed 16349  last 25: wins 16, safe  67.6, turns 120.7, reward +4.080, agree 0.49, |dw| 2.7765, ratio 1.845 pools {'up': 1.9436, 'down': 1.823, 'left': 2.1098, 'right': 1.5816, 'reveal': 1.5295, 'jump': 2.0842}, T 0.00, 2.84s/game
[train_mb] game   375/400 seed 16374  last 25: wins 22, safe  69.6, turns 114.4, reward +4.700, agree 0.52, |dw| 2.7336, ratio 1.859 pools {'up': 1.9763, 'down': 1.8273, 'left': 2.1594, 'right': 1.579, 'reveal': 1.5182, 'jump': 2.0951}, T 0.00, 2.98s/game
[train_mb] game   400/400 seed 16399  last 25: wins 19, safe  70.1, turns 113.1, reward +4.420, agree 0.54, |dw| 2.8275, ratio 1.878 pools {'up': 2.0111, 'down': 1.8784, 'left': 2.1708, 'right': 1.5914, 'reveal': 1.5038, 'jump': 2.117}, T 0.00, 3.05s/game
# r3_rl

| games | n | win_rate | mean_safe | mean_turns | mean_reward | teacher_agreement | mean_abs_dw | mean_ratio | temperature |
|---|---|---|---|---|---|---|---|---|---|
| 0-99 | 100 | 0.75 | 67.42 | 70.1 | 4.463 | 0.621 | 2.5173 | 1.6655 | 0.0 |
| 100-199 | 100 | 0.83 | 70.34 | 79.8 | 4.949 | 0.627 | 2.6445 | 1.6955 | 0.0 |
| 200-299 | 100 | 0.81 | 67.7 | 93.2 | 4.754 | 0.558 | 2.7315 | 1.7623 | 0.0 |
| 300-399 | 100 | 0.8 | 69.39 | 112.6 | 4.578 | 0.52 | 2.7813 | 1.8408 | 0.0 |

[train_mb] done: 400 games in 1220s -> outputs/mb/r3_rl
