[fly-mb] weights /Users/ashutosh/development-work/fruit-fly/data/compiled/mb_weights.npz: 59334 plastic KC->MBON edges, 1500 games trained; pools up=16 cells, down=14 cells, left=10 cells, right=12 cells, reveal=23 cells, jump=16 cells; KC settings kc_kc_gain 0.0 kc_bias -0.3 pn_bias -0.3 pn_kc_gain 3.0; decision argmax (temperature 0.0), reveal margin 0.25, centred scores True
[train_mb] continuing from data/compiled/mb_weights.npz: extra_orn 2, reward r1, mask_reveal True, epsilon 0.0, margin 0.0, eta 0.03, trace_decay 0.5
[train_mb] design: {"action_mbons": {"up": ["MBON09", "MBON32", "MBON30", "MBON31", "MBON25-like", "MBON28"], "down": ["MBON02", "MBON06", "MBON04", "MBON15-like", "MBON25", "MBON17-like"], "left": ["MBON11", "MBON05", "MBON21", "MBON23", "MBON27"], "right": ["MBON12", "MBON29", "MBON24", "MBON03", "MBON16"], "reveal": ["MBON07", "MBON01", "MBON18", "MBON10", "MBON15", "MBON26"], "jump": ["MBON14", "MBON22", "MBON20", "MBON19", "MBON13", "MBON17"]}, "pool_cells": {"up": 16, "down": 14, "left": 10, "right": 12, "reveal": 23, "jump": 16}, "plastic_edges": 59334, "plastic_edges_per_pool": {"up": 9982, "down": 9999, "left": 9645, "right": 9681, "reveal": 10026, "jump": 10001}, "kc_cells": 4064, "kc_kc_edges_silenced": 642933, "pn_kc_edges": 22586, "kc_bias": -0.3, "kc_kc_gain": 0.0, "pn_kc_gain": 3.0, "pn_bias": -0.3, "pn_cells": 686, "pam_cells": 316, "ppl1_cells": 16, "games_trained": 1500}
[train_mb] game     1/1000 seed 14000  last 1: wins 1, safe  71.0, turns  46.0, reward +0.000, agree 0.76, |dw| 11.0938, ratio 1.474 pools {'up': 1.4229, 'down': 1.2557, 'left': 1.3746, 'right': 1.2872, 'reveal': 1.8699, 'jump': 1.6224}, T 0.00, 1.59s/game
[train_mb] game    25/1000 seed 14024  last 25: wins 22, safe  69.9, turns  57.9, reward +0.000, agree 0.79, |dw| 12.0983, ratio 1.596 pools {'up': 1.4329, 'down': 1.3324, 'left': 1.6998, 'right': 1.43, 'reveal': 2.0716, 'jump': 1.6043}, T 0.00, 2.02s/game
[train_mb] game    50/1000 seed 14049  last 25: wins 21, safe  69.6, turns  56.4, reward +0.000, agree 0.77, |dw| 12.9742, ratio 1.591 pools {'up': 1.5997, 'down': 1.4343, 'left': 1.6171, 'right': 1.2408, 'reveal': 1.9561, 'jump': 1.6899}, T 0.00, 2.39s/game
[train_mb] game    75/1000 seed 14074  last 25: wins 20, safe  68.4, turns  48.2, reward +0.000, agree 0.82, |dw| 8.1896, ratio 1.615 pools {'up': 1.5776, 'down': 1.4047, 'left': 1.5981, 'right': 1.3015, 'reveal': 2.1457, 'jump': 1.6477}, T 0.00, 2.15s/game
[train_mb] game   100/1000 seed 14099  last 25: wins 23, safe  70.8, turns  53.8, reward +0.000, agree 0.78, |dw| 12.6323, ratio 1.645 pools {'up': 1.6486, 'down': 1.3798, 'left': 1.6994, 'right': 1.2634, 'reveal': 2.1662, 'jump': 1.6981}, T 0.00, 2.15s/game
[train_mb] game   125/1000 seed 14124  last 25: wins 22, safe  70.6, turns  56.6, reward +0.000, agree 0.77, |dw| 13.7573, ratio 1.685 pools {'up': 1.728, 'down': 1.4807, 'left': 1.6797, 'right': 1.1337, 'reveal': 2.3165, 'jump': 1.7512}, T 0.00, 2.14s/game
[train_mb] game   150/1000 seed 14149  last 25: wins 22, safe  66.2, turns  51.8, reward +0.000, agree 0.81, |dw| 11.0336, ratio 1.659 pools {'up': 1.5751, 'down': 1.3446, 'left': 1.661, 'right': 1.2729, 'reveal': 2.3561, 'jump': 1.7308}, T 0.00, 2.10s/game
[train_mb] game   175/1000 seed 14174  last 25: wins 23, safe  70.5, turns  50.6, reward +0.000, agree 0.81, |dw| 9.2160, ratio 1.635 pools {'up': 1.7377, 'down': 1.4689, 'left': 1.6093, 'right': 1.1132, 'reveal': 2.1455, 'jump': 1.7187}, T 0.00, 2.08s/game
[train_mb] game   200/1000 seed 14199  last 25: wins 20, safe  68.5, turns  48.8, reward +0.000, agree 0.75, |dw| 11.3890, ratio 1.631 pools {'up': 1.6954, 'down': 1.4755, 'left': 1.5435, 'right': 1.1042, 'reveal': 2.2062, 'jump': 1.7428}, T 0.00, 2.07s/game
[train_mb] game   225/1000 seed 14224  last 25: wins 22, safe  70.2, turns  52.7, reward +0.000, agree 0.79, |dw| 10.1286, ratio 1.644 pools {'up': 1.58, 'down': 1.5025, 'left': 1.548, 'right': 1.3198, 'reveal': 2.1269, 'jump': 1.7698}, T 0.00, 2.12s/game
[train_mb] game   250/1000 seed 14249  last 25: wins 19, safe  68.1, turns  53.1, reward +0.000, agree 0.81, |dw| 9.7298, ratio 1.643 pools {'up': 1.694, 'down': 1.5741, 'left': 1.5071, 'right': 1.153, 'reveal': 2.1338, 'jump': 1.7746}, T 0.00, 2.11s/game
[train_mb] game   275/1000 seed 14274  last 25: wins 22, safe  69.9, turns  57.1, reward +0.000, agree 0.79, |dw| 11.9350, ratio 1.656 pools {'up': 1.5098, 'down': 1.5491, 'left': 1.7013, 'right': 1.2472, 'reveal': 2.0941, 'jump': 1.8198}, T 0.00, 2.10s/game
[train_mb] game   300/1000 seed 14299  last 25: wins 22, safe  70.6, turns  53.0, reward +0.000, agree 0.78, |dw| 11.4463, ratio 1.642 pools {'up': 1.5817, 'down': 1.5362, 'left': 1.5508, 'right': 1.2695, 'reveal': 2.1046, 'jump': 1.7904}, T 0.00, 2.13s/game
[train_mb] game   325/1000 seed 14324  last 25: wins 21, safe  69.8, turns  49.5, reward +0.000, agree 0.80, |dw| 10.0360, ratio 1.633 pools {'up': 1.6008, 'down': 1.5628, 'left': 1.5411, 'right': 1.2926, 'reveal': 2.0395, 'jump': 1.7473}, T 0.00, 2.08s/game
[train_mb] game   350/1000 seed 14349  last 25: wins 20, safe  70.4, turns  51.4, reward +0.000, agree 0.79, |dw| 12.0010, ratio 1.674 pools {'up': 1.6477, 'down': 1.7021, 'left': 1.6641, 'right': 1.0214, 'reveal': 2.2246, 'jump': 1.7622}, T 0.00, 2.05s/game
[train_mb] game   375/1000 seed 14374  last 25: wins 23, safe  70.0, turns  48.0, reward +0.000, agree 0.81, |dw| 9.1199, ratio 1.671 pools {'up': 1.6114, 'down': 1.6199, 'left': 1.5215, 'right': 1.1651, 'reveal': 2.2637, 'jump': 1.8246}, T 0.00, 2.03s/game
[train_mb] game   400/1000 seed 14399  last 25: wins 20, safe  69.1, turns  54.2, reward +0.000, agree 0.80, |dw| 10.4877, ratio 1.676 pools {'up': 1.5645, 'down': 1.5941, 'left': 1.6145, 'right': 1.1217, 'reveal': 2.2911, 'jump': 1.8505}, T 0.00, 2.04s/game
[train_mb] game   425/1000 seed 14424  last 25: wins 21, safe  70.6, turns  55.3, reward +0.000, agree 0.79, |dw| 11.8011, ratio 1.687 pools {'up': 1.701, 'down': 1.4581, 'left': 1.6398, 'right': 1.2098, 'reveal': 2.2408, 'jump': 1.8541}, T 0.00, 2.07s/game
[train_mb] game   450/1000 seed 14449  last 25: wins 20, safe  69.7, turns  51.6, reward +0.000, agree 0.79, |dw| 11.0874, ratio 1.693 pools {'up': 1.7256, 'down': 1.519, 'left': 1.7129, 'right': 1.0809, 'reveal': 2.2943, 'jump': 1.804}, T 0.00, 2.06s/game
[train_mb] game   475/1000 seed 14474  last 25: wins 24, safe  70.8, turns  52.8, reward +0.000, agree 0.80, |dw| 10.6518, ratio 1.669 pools {'up': 1.7356, 'down': 1.4802, 'left': 1.5479, 'right': 1.1501, 'reveal': 2.2204, 'jump': 1.8597}, T 0.00, 2.09s/game
[train_mb] game   500/1000 seed 14499  last 25: wins 21, safe  68.3, turns  54.4, reward +0.000, agree 0.77, |dw| 11.3180, ratio 1.679 pools {'up': 1.7296, 'down': 1.4455, 'left': 1.6848, 'right': 1.1783, 'reveal': 2.216, 'jump': 1.8004}, T 0.00, 2.09s/game
[train_mb] game   525/1000 seed 14524  last 25: wins 21, safe  67.8, turns  55.9, reward +0.000, agree 0.82, |dw| 10.2060, ratio 1.676 pools {'up': 1.7532, 'down': 1.5394, 'left': 1.6044, 'right': 1.1502, 'reveal': 2.1108, 'jump': 1.8792}, T 0.00, 2.08s/game
[train_mb] game   550/1000 seed 14549  last 25: wins 22, safe  67.9, turns  48.2, reward +0.000, agree 0.81, |dw| 8.5225, ratio 1.686 pools {'up': 1.7167, 'down': 1.5437, 'left': 1.626, 'right': 1.1791, 'reveal': 2.2118, 'jump': 1.8198}, T 0.00, 2.04s/game
[train_mb] game   575/1000 seed 14574  last 25: wins 23, safe  70.9, turns  55.6, reward +0.000, agree 0.78, |dw| 12.0531, ratio 1.666 pools {'up': 1.76, 'down': 1.3913, 'left': 1.5595, 'right': 1.1567, 'reveal': 2.3239, 'jump': 1.7851}, T 0.00, 2.02s/game
[train_mb] game   600/1000 seed 14599  last 25: wins 19, safe  66.7, turns  46.9, reward +0.000, agree 0.78, |dw| 10.6679, ratio 1.647 pools {'up': 1.7743, 'down': 1.5667, 'left': 1.4582, 'right': 1.2143, 'reveal': 2.0906, 'jump': 1.7592}, T 0.00, 2.01s/game
[train_mb] game   625/1000 seed 14624  last 25: wins 22, safe  70.0, turns  50.5, reward +0.000, agree 0.79, |dw| 10.2901, ratio 1.647 pools {'up': 1.6024, 'down': 1.4324, 'left': 1.5485, 'right': 1.2212, 'reveal': 2.2684, 'jump': 1.7904}, T 0.00, 1.99s/game
[train_mb] game   650/1000 seed 14649  last 25: wins 22, safe  70.3, turns  51.5, reward +0.000, agree 0.82, |dw| 9.2248, ratio 1.688 pools {'up': 1.7427, 'down': 1.4795, 'left': 1.5498, 'right': 1.1127, 'reveal': 2.3918, 'jump': 1.8296}, T 0.00, 1.98s/game
[train_mb] game   675/1000 seed 14674  last 25: wins 21, safe  67.8, turns  48.7, reward +0.000, agree 0.76, |dw| 10.9941, ratio 1.654 pools {'up': 1.7039, 'down': 1.463, 'left': 1.5781, 'right': 1.205, 'reveal': 2.0891, 'jump': 1.8653}, T 0.00, 1.97s/game
[train_mb] game   700/1000 seed 14699  last 25: wins 18, safe  65.8, turns  50.9, reward +0.000, agree 0.78, |dw| 10.9026, ratio 1.617 pools {'up': 1.4977, 'down': 1.3966, 'left': 1.5435, 'right': 1.2923, 'reveal': 2.1494, 'jump': 1.811}, T 0.00, 1.96s/game
[train_mb] game   725/1000 seed 14724  last 25: wins 19, safe  68.2, turns  46.5, reward +0.000, agree 0.78, |dw| 11.2344, ratio 1.654 pools {'up': 1.7261, 'down': 1.4052, 'left': 1.7191, 'right': 1.13, 'reveal': 2.1242, 'jump': 1.8041}, T 0.00, 1.95s/game
[train_mb] game   750/1000 seed 14749  last 25: wins 23, safe  70.8, turns  53.2, reward +0.000, agree 0.78, |dw| 11.6616, ratio 1.672 pools {'up': 1.6888, 'down': 1.3418, 'left': 1.6961, 'right': 1.1371, 'reveal': 2.341, 'jump': 1.8099}, T 0.00, 1.96s/game
[train_mb] game   775/1000 seed 14774  last 25: wins 22, safe  67.8, turns  46.7, reward +0.000, agree 0.80, |dw| 9.2343, ratio 1.651 pools {'up': 1.5772, 'down': 1.3745, 'left': 1.7146, 'right': 1.1788, 'reveal': 2.228, 'jump': 1.8205}, T 0.00, 1.95s/game
[train_mb] game   800/1000 seed 14799  last 25: wins 22, safe  70.7, turns  53.4, reward +0.000, agree 0.82, |dw| 10.1704, ratio 1.632 pools {'up': 1.4773, 'down': 1.4015, 'left': 1.5976, 'right': 1.2048, 'reveal': 2.2893, 'jump': 1.8037}, T 0.00, 1.95s/game
[train_mb] game   825/1000 seed 14824  last 25: wins 20, safe  70.2, turns  53.4, reward +0.000, agree 0.77, |dw| 12.8490, ratio 1.629 pools {'up': 1.4647, 'down': 1.4414, 'left': 1.7629, 'right': 1.1472, 'reveal': 2.1811, 'jump': 1.7668}, T 0.00, 1.95s/game
[train_mb] game   850/1000 seed 14849  last 25: wins 22, safe  70.0, turns  56.2, reward +0.000, agree 0.77, |dw| 13.7579, ratio 1.676 pools {'up': 1.597, 'down': 1.5577, 'left': 1.6935, 'right': 1.1423, 'reveal': 2.3009, 'jump': 1.7444}, T 0.00, 1.94s/game
[train_mb] game   875/1000 seed 14874  last 25: wins 23, safe  68.6, turns  48.6, reward +0.000, agree 0.82, |dw| 9.2967, ratio 1.629 pools {'up': 1.6209, 'down': 1.4886, 'left': 1.5762, 'right': 1.0856, 'reveal': 2.2209, 'jump': 1.7637}, T 0.00, 1.93s/game
[train_mb] game   900/1000 seed 14899  last 25: wins 23, safe  68.4, turns  51.1, reward +0.000, agree 0.83, |dw| 8.8639, ratio 1.645 pools {'up': 1.6185, 'down': 1.5182, 'left': 1.6119, 'right': 1.1616, 'reveal': 2.1638, 'jump': 1.7783}, T 0.00, 1.93s/game
[train_mb] game   925/1000 seed 14924  last 25: wins 18, safe  70.0, turns  50.5, reward +0.000, agree 0.77, |dw| 12.2883, ratio 1.623 pools {'up': 1.4816, 'down': 1.5205, 'left': 1.7232, 'right': 1.0805, 'reveal': 2.1964, 'jump': 1.7172}, T 0.00, 1.92s/game
[train_mb] game   950/1000 seed 14949  last 25: wins 23, safe  69.9, turns  49.7, reward +0.000, agree 0.80, |dw| 10.4224, ratio 1.627 pools {'up': 1.6059, 'down': 1.4404, 'left': 1.6091, 'right': 1.1482, 'reveal': 2.1983, 'jump': 1.7441}, T 0.00, 1.91s/game
[train_mb] game   975/1000 seed 14974  last 25: wins 20, safe  70.4, turns  50.7, reward +0.000, agree 0.77, |dw| 11.3972, ratio 1.639 pools {'up': 1.6369, 'down': 1.4719, 'left': 1.572, 'right': 1.1175, 'reveal': 2.2393, 'jump': 1.777}, T 0.00, 1.90s/game
[train_mb] game  1000/1000 seed 14999  last 25: wins 22, safe  70.6, turns  51.8, reward +0.000, agree 0.81, |dw| 9.7343, ratio 1.625 pools {'up': 1.7183, 'down': 1.4653, 'left': 1.5244, 'right': 1.0313, 'reveal': 2.1435, 'jump': 1.8434}, T 0.00, 1.90s/game
# r3_teacher_l2

| games | n | win_rate | mean_safe | mean_turns | mean_reward | teacher_agreement | mean_abs_dw | mean_ratio | temperature |
|---|---|---|---|---|---|---|---|---|---|
| 0-99 | 100 | 0.86 | 69.65 | 54.1 | 0.0 | 0.79 | 11.4736 | 1.5917 | 0.0 |
| 100-199 | 100 | 0.87 | 68.95 | 52.0 | 0.0 | 0.785 | 11.349 | 1.658 | 0.0 |
| 200-299 | 100 | 0.85 | 69.72 | 54.0 | 0.0 | 0.793 | 10.8099 | 1.6446 | 0.0 |
| 300-399 | 100 | 0.84 | 69.83 | 50.8 | 0.0 | 0.799 | 10.4112 | 1.6559 | 0.0 |
| 400-499 | 100 | 0.86 | 69.88 | 53.5 | 0.0 | 0.786 | 11.2146 | 1.6779 | 0.0 |
| 500-599 | 100 | 0.85 | 68.32 | 51.7 | 0.0 | 0.797 | 10.3624 | 1.6739 | 0.0 |
| 600-699 | 100 | 0.83 | 68.47 | 50.4 | 0.0 | 0.787 | 10.3529 | 1.661 | 0.0 |
| 700-799 | 100 | 0.86 | 69.38 | 50.0 | 0.0 | 0.793 | 10.5752 | 1.652 | 0.0 |
| 800-899 | 100 | 0.88 | 69.32 | 52.3 | 0.0 | 0.797 | 11.1919 | 1.6367 | 0.0 |
| 900-999 | 100 | 0.83 | 70.25 | 50.7 | 0.0 | 0.79 | 10.9606 | 1.6337 | 0.0 |

[train_mb] done: 1000 games in 1899s -> outputs/mb/r3_teacher_l2
