[fly-mb] weights /Users/ashutosh/development-work/fruit-fly/data/compiled/mb_weights.npz: 59334 plastic KC->MBON edges, 1500 games trained; pools up=16 cells, down=14 cells, left=10 cells, right=12 cells, reveal=23 cells, jump=16 cells; KC settings kc_kc_gain 0.0 kc_bias -0.3 pn_bias -0.3 pn_kc_gain 3.0; decision argmax (temperature 0.0), reveal margin 0.25, centred scores True
[train_mb] continuing from data/compiled/mb_weights.npz: extra_orn 1, reward r1, mask_reveal True, epsilon 0.0, margin 0.0, eta 0.03, trace_decay 0.5
[train_mb] design: {"action_mbons": {"up": ["MBON09", "MBON32", "MBON30", "MBON31", "MBON25-like", "MBON28"], "down": ["MBON02", "MBON06", "MBON04", "MBON15-like", "MBON25", "MBON17-like"], "left": ["MBON11", "MBON05", "MBON21", "MBON23", "MBON27"], "right": ["MBON12", "MBON29", "MBON24", "MBON03", "MBON16"], "reveal": ["MBON07", "MBON01", "MBON18", "MBON10", "MBON15", "MBON26"], "jump": ["MBON14", "MBON22", "MBON20", "MBON19", "MBON13", "MBON17"]}, "pool_cells": {"up": 16, "down": 14, "left": 10, "right": 12, "reveal": 23, "jump": 16}, "plastic_edges": 59334, "plastic_edges_per_pool": {"up": 9982, "down": 9999, "left": 9645, "right": 9681, "reveal": 10026, "jump": 10001}, "kc_cells": 4064, "kc_kc_edges_silenced": 642933, "pn_kc_edges": 22586, "kc_bias": -0.3, "kc_kc_gain": 0.0, "pn_kc_gain": 3.0, "pn_bias": -0.3, "pn_cells": 686, "pam_cells": 316, "ppl1_cells": 16, "games_trained": 1500}
[train_mb] game     1/1000 seed 14000  last 1: wins 1, safe  71.0, turns  46.0, reward +0.000, agree 0.80, |dw| 8.1781, ratio 1.470 pools {'up': 1.4447, 'down': 1.2864, 'left': 1.4567, 'right': 1.1265, 'reveal': 1.8699, 'jump': 1.6224}, T 0.00, 2.04s/game
[train_mb] game    25/1000 seed 14024  last 25: wins 22, safe  69.9, turns  57.9, reward +0.000, agree 0.76, |dw| 13.4647, ratio 1.577 pools {'up': 1.4551, 'down': 1.3159, 'left': 1.6093, 'right': 1.4603, 'reveal': 1.9654, 'jump': 1.649}, T 0.00, 2.02s/game
[train_mb] game    50/1000 seed 14049  last 25: wins 21, safe  69.6, turns  56.4, reward +0.000, agree 0.71, |dw| 15.4090, ratio 1.561 pools {'up': 1.471, 'down': 1.4405, 'left': 1.4723, 'right': 1.2319, 'reveal': 2.0526, 'jump': 1.6847}, T 0.00, 2.37s/game
[train_mb] game    75/1000 seed 14074  last 25: wins 20, safe  68.4, turns  48.2, reward +0.000, agree 0.73, |dw| 11.8107, ratio 1.547 pools {'up': 1.4236, 'down': 1.3478, 'left': 1.3972, 'right': 1.2179, 'reveal': 2.1766, 'jump': 1.6998}, T 0.00, 2.14s/game
[train_mb] game   100/1000 seed 14099  last 25: wins 23, safe  70.8, turns  53.8, reward +0.000, agree 0.71, |dw| 15.7496, ratio 1.609 pools {'up': 1.5992, 'down': 1.3087, 'left': 1.6208, 'right': 1.3001, 'reveal': 2.1625, 'jump': 1.6501}, T 0.00, 2.14s/game
[train_mb] game   125/1000 seed 14124  last 25: wins 22, safe  70.6, turns  56.6, reward +0.000, agree 0.70, |dw| 17.6846, ratio 1.583 pools {'up': 1.4308, 'down': 1.3539, 'left': 1.5196, 'right': 1.0924, 'reveal': 2.3728, 'jump': 1.7094}, T 0.00, 2.12s/game
[train_mb] game   150/1000 seed 14149  last 25: wins 22, safe  66.2, turns  51.8, reward +0.000, agree 0.74, |dw| 13.9189, ratio 1.612 pools {'up': 1.4354, 'down': 1.4841, 'left': 1.5475, 'right': 1.0627, 'reveal': 2.4441, 'jump': 1.6762}, T 0.00, 2.08s/game
[train_mb] game   175/1000 seed 14174  last 25: wins 23, safe  70.5, turns  50.6, reward +0.000, agree 0.72, |dw| 13.3475, ratio 1.556 pools {'up': 1.4443, 'down': 1.5205, 'left': 1.4637, 'right': 1.1595, 'reveal': 2.0737, 'jump': 1.655}, T 0.00, 2.07s/game
[train_mb] game   200/1000 seed 14199  last 25: wins 20, safe  68.5, turns  48.8, reward +0.000, agree 0.69, |dw| 13.9208, ratio 1.566 pools {'up': 1.5368, 'down': 1.3997, 'left': 1.4197, 'right': 1.031, 'reveal': 2.3127, 'jump': 1.6692}, T 0.00, 2.06s/game
[train_mb] game   225/1000 seed 14224  last 25: wins 22, safe  70.2, turns  52.7, reward +0.000, agree 0.71, |dw| 13.6160, ratio 1.568 pools {'up': 1.4047, 'down': 1.375, 'left': 1.5342, 'right': 1.2504, 'reveal': 2.1369, 'jump': 1.6956}, T 0.00, 2.11s/game
[train_mb] game   250/1000 seed 14249  last 25: wins 19, safe  68.1, turns  53.1, reward +0.000, agree 0.74, |dw| 13.1990, ratio 1.570 pools {'up': 1.5127, 'down': 1.4744, 'left': 1.4354, 'right': 1.0806, 'reveal': 2.1882, 'jump': 1.7077}, T 0.00, 2.10s/game
[train_mb] game   275/1000 seed 14274  last 25: wins 22, safe  69.9, turns  57.1, reward +0.000, agree 0.76, |dw| 13.7825, ratio 1.577 pools {'up': 1.3867, 'down': 1.4499, 'left': 1.569, 'right': 1.1569, 'reveal': 2.1674, 'jump': 1.7141}, T 0.00, 2.09s/game
[train_mb] game   300/1000 seed 14299  last 25: wins 22, safe  70.6, turns  53.0, reward +0.000, agree 0.73, |dw| 13.7451, ratio 1.560 pools {'up': 1.4276, 'down': 1.4187, 'left': 1.4454, 'right': 1.2625, 'reveal': 2.0851, 'jump': 1.7083}, T 0.00, 2.12s/game
[train_mb] game   325/1000 seed 14324  last 25: wins 21, safe  69.8, turns  49.5, reward +0.000, agree 0.72, |dw| 12.8951, ratio 1.566 pools {'up': 1.4398, 'down': 1.5456, 'left': 1.5123, 'right': 1.1496, 'reveal': 1.9621, 'jump': 1.7693}, T 0.00, 2.07s/game
[train_mb] game   350/1000 seed 14349  last 25: wins 20, safe  70.4, turns  51.4, reward +0.000, agree 0.70, |dw| 15.5157, ratio 1.553 pools {'up': 1.6472, 'down': 1.5268, 'left': 1.5162, 'right': 0.8866, 'reveal': 2.1136, 'jump': 1.6048}, T 0.00, 2.04s/game
[train_mb] game   375/1000 seed 14374  last 25: wins 23, safe  70.0, turns  48.0, reward +0.000, agree 0.74, |dw| 11.7450, ratio 1.560 pools {'up': 1.5339, 'down': 1.4375, 'left': 1.5397, 'right': 1.0784, 'reveal': 2.099, 'jump': 1.657}, T 0.00, 2.02s/game
[train_mb] game   400/1000 seed 14399  last 25: wins 20, safe  69.1, turns  54.2, reward +0.000, agree 0.73, |dw| 13.8856, ratio 1.583 pools {'up': 1.4735, 'down': 1.453, 'left': 1.5324, 'right': 1.0489, 'reveal': 2.3021, 'jump': 1.6647}, T 0.00, 2.03s/game
[train_mb] game   425/1000 seed 14424  last 25: wins 21, safe  70.6, turns  55.3, reward +0.000, agree 0.71, |dw| 15.7989, ratio 1.584 pools {'up': 1.5098, 'down': 1.4355, 'left': 1.5378, 'right': 1.1279, 'reveal': 2.2603, 'jump': 1.6171}, T 0.00, 2.06s/game
[train_mb] game   450/1000 seed 14449  last 25: wins 20, safe  69.7, turns  51.6, reward +0.000, agree 0.72, |dw| 13.9743, ratio 1.583 pools {'up': 1.404, 'down': 1.4187, 'left': 1.5606, 'right': 1.1197, 'reveal': 2.3019, 'jump': 1.6781}, T 0.00, 2.05s/game
[train_mb] game   475/1000 seed 14474  last 25: wins 24, safe  70.8, turns  52.8, reward +0.000, agree 0.74, |dw| 12.8617, ratio 1.567 pools {'up': 1.5567, 'down': 1.3129, 'left': 1.4477, 'right': 1.1932, 'reveal': 2.1659, 'jump': 1.7081}, T 0.00, 2.08s/game
[train_mb] game   500/1000 seed 14499  last 25: wins 21, safe  68.3, turns  54.4, reward +0.000, agree 0.70, |dw| 14.5276, ratio 1.590 pools {'up': 1.3886, 'down': 1.3996, 'left': 1.5704, 'right': 1.242, 'reveal': 2.2288, 'jump': 1.6955}, T 0.00, 2.08s/game
[train_mb] game   525/1000 seed 14524  last 25: wins 21, safe  67.8, turns  55.9, reward +0.000, agree 0.75, |dw| 12.9890, ratio 1.590 pools {'up': 1.5873, 'down': 1.3883, 'left': 1.5079, 'right': 1.1783, 'reveal': 2.1871, 'jump': 1.674}, T 0.00, 2.07s/game
[train_mb] game   550/1000 seed 14549  last 25: wins 22, safe  67.9, turns  48.2, reward +0.000, agree 0.75, |dw| 10.7774, ratio 1.605 pools {'up': 1.4325, 'down': 1.4629, 'left': 1.5363, 'right': 1.1283, 'reveal': 2.3142, 'jump': 1.7372}, T 0.00, 2.03s/game
[train_mb] game   575/1000 seed 14574  last 25: wins 23, safe  70.9, turns  55.6, reward +0.000, agree 0.72, |dw| 13.6732, ratio 1.607 pools {'up': 1.5934, 'down': 1.4327, 'left': 1.5474, 'right': 1.0318, 'reveal': 2.3156, 'jump': 1.6982}, T 0.00, 2.01s/game
[train_mb] game   600/1000 seed 14599  last 25: wins 19, safe  66.7, turns  46.9, reward +0.000, agree 0.71, |dw| 14.4433, ratio 1.533 pools {'up': 1.4396, 'down': 1.4078, 'left': 1.4627, 'right': 1.1122, 'reveal': 2.102, 'jump': 1.6569}, T 0.00, 2.00s/game
[train_mb] game   625/1000 seed 14624  last 25: wins 22, safe  70.0, turns  50.5, reward +0.000, agree 0.76, |dw| 11.3627, ratio 1.563 pools {'up': 1.3745, 'down': 1.3346, 'left': 1.4314, 'right': 1.2156, 'reveal': 2.3831, 'jump': 1.6224}, T 0.00, 1.98s/game
[train_mb] game   650/1000 seed 14649  last 25: wins 22, safe  70.3, turns  51.5, reward +0.000, agree 0.73, |dw| 12.8791, ratio 1.573 pools {'up': 1.4602, 'down': 1.5044, 'left': 1.4386, 'right': 1.1166, 'reveal': 2.2611, 'jump': 1.6364}, T 0.00, 1.97s/game
[train_mb] game   675/1000 seed 14674  last 25: wins 21, safe  67.8, turns  48.7, reward +0.000, agree 0.71, |dw| 13.1570, ratio 1.546 pools {'up': 1.4795, 'down': 1.3777, 'left': 1.3902, 'right': 1.2031, 'reveal': 2.1066, 'jump': 1.6993}, T 0.00, 1.96s/game
[train_mb] game   700/1000 seed 14699  last 25: wins 18, safe  65.8, turns  50.9, reward +0.000, agree 0.70, |dw| 14.0751, ratio 1.540 pools {'up': 1.363, 'down': 1.1957, 'left': 1.699, 'right': 1.3067, 'reveal': 2.0495, 'jump': 1.6255}, T 0.00, 1.95s/game
[train_mb] game   725/1000 seed 14724  last 25: wins 19, safe  68.2, turns  46.5, reward +0.000, agree 0.72, |dw| 12.7652, ratio 1.554 pools {'up': 1.5157, 'down': 1.4075, 'left': 1.483, 'right': 1.1796, 'reveal': 2.066, 'jump': 1.6579}, T 0.00, 1.94s/game
[train_mb] game   750/1000 seed 14749  last 25: wins 23, safe  70.8, turns  53.2, reward +0.000, agree 0.72, |dw| 13.9965, ratio 1.563 pools {'up': 1.5081, 'down': 1.3789, 'left': 1.5581, 'right': 1.1112, 'reveal': 2.1768, 'jump': 1.6306}, T 0.00, 1.95s/game
[train_mb] game   775/1000 seed 14774  last 25: wins 22, safe  67.8, turns  46.7, reward +0.000, agree 0.74, |dw| 11.1263, ratio 1.548 pools {'up': 1.5169, 'down': 1.3618, 'left': 1.5173, 'right': 1.1526, 'reveal': 2.1009, 'jump': 1.621}, T 0.00, 1.94s/game
[train_mb] game   800/1000 seed 14799  last 25: wins 22, safe  70.7, turns  53.4, reward +0.000, agree 0.74, |dw| 13.6636, ratio 1.543 pools {'up': 1.4115, 'down': 1.3195, 'left': 1.4484, 'right': 1.24, 'reveal': 2.1757, 'jump': 1.6492}, T 0.00, 1.94s/game
[train_mb] game   825/1000 seed 14824  last 25: wins 20, safe  70.2, turns  53.4, reward +0.000, agree 0.70, |dw| 16.1858, ratio 1.528 pools {'up': 1.5011, 'down': 1.3077, 'left': 1.4699, 'right': 1.1014, 'reveal': 2.1477, 'jump': 1.6248}, T 0.00, 1.94s/game
[train_mb] game   850/1000 seed 14849  last 25: wins 22, safe  70.0, turns  56.2, reward +0.000, agree 0.70, |dw| 16.6110, ratio 1.565 pools {'up': 1.3533, 'down': 1.5744, 'left': 1.597, 'right': 1.0763, 'reveal': 2.1237, 'jump': 1.6469}, T 0.00, 1.93s/game
[train_mb] game   875/1000 seed 14874  last 25: wins 23, safe  68.6, turns  48.6, reward +0.000, agree 0.75, |dw| 12.0410, ratio 1.561 pools {'up': 1.4575, 'down': 1.4416, 'left': 1.5345, 'right': 1.1212, 'reveal': 2.1458, 'jump': 1.6471}, T 0.00, 1.92s/game
[train_mb] game   900/1000 seed 14899  last 25: wins 23, safe  68.4, turns  51.1, reward +0.000, agree 0.76, |dw| 12.7792, ratio 1.567 pools {'up': 1.373, 'down': 1.4261, 'left': 1.4359, 'right': 1.3067, 'reveal': 2.2187, 'jump': 1.6288}, T 0.00, 1.92s/game
[train_mb] game   925/1000 seed 14924  last 25: wins 18, safe  70.0, turns  50.5, reward +0.000, agree 0.69, |dw| 15.5960, ratio 1.533 pools {'up': 1.3252, 'down': 1.6136, 'left': 1.4604, 'right': 0.9918, 'reveal': 2.1274, 'jump': 1.6596}, T 0.00, 1.91s/game
[train_mb] game   950/1000 seed 14949  last 25: wins 23, safe  69.9, turns  49.7, reward +0.000, agree 0.72, |dw| 13.1932, ratio 1.557 pools {'up': 1.4468, 'down': 1.4343, 'left': 1.4832, 'right': 1.0579, 'reveal': 2.2552, 'jump': 1.6458}, T 0.00, 1.90s/game
[train_mb] game   975/1000 seed 14974  last 25: wins 20, safe  70.4, turns  50.7, reward +0.000, agree 0.69, |dw| 15.0107, ratio 1.580 pools {'up': 1.4921, 'down': 1.4027, 'left': 1.4375, 'right': 1.1606, 'reveal': 2.3013, 'jump': 1.6671}, T 0.00, 1.89s/game
[train_mb] game  1000/1000 seed 14999  last 25: wins 22, safe  70.6, turns  51.8, reward +0.000, agree 0.76, |dw| 11.7967, ratio 1.576 pools {'up': 1.4721, 'down': 1.4005, 'left': 1.3996, 'right': 1.2388, 'reveal': 2.2216, 'jump': 1.706}, T 0.00, 1.89s/game
# r3_teacher_l1

| games | n | win_rate | mean_safe | mean_turns | mean_reward | teacher_agreement | mean_abs_dw | mean_ratio | temperature |
|---|---|---|---|---|---|---|---|---|---|
| 0-99 | 100 | 0.86 | 69.65 | 54.1 | 0.0 | 0.731 | 14.1085 | 1.5525 | 0.0 |
| 100-199 | 100 | 0.87 | 68.95 | 52.0 | 0.0 | 0.71 | 14.7179 | 1.5989 | 0.0 |
| 200-299 | 100 | 0.85 | 69.72 | 54.0 | 0.0 | 0.734 | 13.5857 | 1.5641 | 0.0 |
| 300-399 | 100 | 0.84 | 69.83 | 50.8 | 0.0 | 0.723 | 13.5103 | 1.5583 | 0.0 |
| 400-499 | 100 | 0.86 | 69.88 | 53.5 | 0.0 | 0.72 | 14.2906 | 1.5815 | 0.0 |
| 500-599 | 100 | 0.85 | 68.32 | 51.7 | 0.0 | 0.733 | 12.9707 | 1.5914 | 0.0 |
| 600-699 | 100 | 0.83 | 68.47 | 50.4 | 0.0 | 0.727 | 12.8685 | 1.5544 | 0.0 |
| 700-799 | 100 | 0.86 | 69.38 | 50.0 | 0.0 | 0.73 | 12.8879 | 1.5475 | 0.0 |
| 800-899 | 100 | 0.88 | 69.32 | 52.3 | 0.0 | 0.728 | 14.4042 | 1.5504 | 0.0 |
| 900-999 | 100 | 0.83 | 70.25 | 50.7 | 0.0 | 0.715 | 13.8991 | 1.5586 | 0.0 |

[train_mb] done: 1000 games in 1891s -> outputs/mb/r3_teacher_l1
