[train_mb] design: {"action_mbons": {"up": "MBON01", "down": "MBON05", "left": "MBON06", "right": "MBON03", "reveal": "MBON11", "jump": "MBON09"}, "pool_cells": {"up": 2, "down": 2, "left": 2, "right": 2, "reveal": 2, "jump": 4}, "plastic_edges": 16167, "plastic_edges_per_pool": {"up": 2109, "down": 1999, "left": 1944, "right": 1249, "reveal": 4184, "jump": 4682}, "kc_cells": 4064, "kc_kc_edges_silenced": 642933, "pn_kc_edges": 22586, "kc_bias": -0.2, "kc_kc_gain": 0.0, "pn_kc_gain": 1.0, "pn_bias": 0.0, "pn_cells": 686, "pam_cells": 316, "ppl1_cells": 16, "games_trained": 0}
[train_mb] game     1/800 seed 10000  last 1: wins 0, safe  55.0, turns  82.0, reward +0.200, agree 0.18, |dw| 0.3221, ratio 1.002 pools {'up': 1.0006, 'down': 0.9969, 'left': 1.0016, 'right': 0.9991, 'reveal': 1.008, 'jump': 0.999}, T 1.00, 1.99s/game
[train_mb] game    25/800 seed 10024  last 25: wins 0, safe  52.4, turns  46.2, reward -0.008, agree 0.18, |dw| 0.2350, ratio 0.992 pools {'up': 0.988, 'down': 0.9915, 'left': 1.0083, 'right': 0.9919, 'reveal': 0.9848, 'jump': 0.9928}, T 0.97, 1.32s/game
[train_mb] game    50/800 seed 10049  last 25: wins 0, safe  51.4, turns  35.9, reward +0.216, agree 0.18, |dw| 0.2281, ratio 1.005 pools {'up': 0.9868, 'down': 1.004, 'left': 1.04, 'right': 0.9832, 'reveal': 1.006, 'jump': 1.0039}, T 0.94, 1.18s/game
[train_mb] game    75/800 seed 10074  last 25: wins 0, safe  54.6, turns  40.6, reward +0.302, agree 0.21, |dw| 0.2481, ratio 1.035 pools {'up': 0.9855, 'down': 1.0038, 'left': 1.0442, 'right': 0.962, 'reveal': 1.1339, 'jump': 0.9987}, T 0.90, 1.14s/game
[train_mb] game   100/800 seed 10099  last 25: wins 0, safe  54.0, turns  45.4, reward +0.252, agree 0.18, |dw| 0.2304, ratio 1.073 pools {'up': 0.9952, 'down': 1.0129, 'left': 1.0654, 'right': 0.9599, 'reveal': 1.2305, 'jump': 1.026}, T 0.87, 1.15s/game
[train_mb] game   125/800 seed 10124  last 25: wins 0, safe  50.6, turns  32.0, reward +0.220, agree 0.20, |dw| 0.2004, ratio 1.107 pools {'up': 0.9991, 'down': 1.0375, 'left': 1.1043, 'right': 0.9618, 'reveal': 1.3124, 'jump': 1.0404}, T 0.83, 1.09s/game
[train_mb] game   150/800 seed 10149  last 25: wins 0, safe  54.6, turns  46.8, reward +0.528, agree 0.18, |dw| 0.2657, ratio 1.138 pools {'up': 1.0116, 'down': 1.0645, 'left': 1.1279, 'right': 0.9356, 'reveal': 1.4118, 'jump': 1.0392}, T 0.80, 1.11s/game
[train_mb] game   175/800 seed 10174  last 25: wins 0, safe  52.6, turns  37.5, reward +0.412, agree 0.20, |dw| 0.2263, ratio 1.164 pools {'up': 1.0379, 'down': 1.0772, 'left': 1.1556, 'right': 0.9262, 'reveal': 1.4634, 'jump': 1.0573}, T 0.77, 1.10s/game
[train_mb] game   200/800 seed 10199  last 25: wins 0, safe  55.8, turns  27.6, reward +0.368, agree 0.20, |dw| 0.2046, ratio 1.196 pools {'up': 1.056, 'down': 1.1086, 'left': 1.2026, 'right': 0.9292, 'reveal': 1.5124, 'jump': 1.0811}, T 0.73, 1.07s/game
[train_mb] game   225/800 seed 10224  last 25: wins 0, safe  53.6, turns  36.9, reward +0.220, agree 0.16, |dw| 0.2144, ratio 1.222 pools {'up': 1.082, 'down': 1.1406, 'left': 1.2482, 'right': 0.9306, 'reveal': 1.5288, 'jump': 1.1115}, T 0.70, 1.08s/game
[train_mb] game   250/800 seed 10249  last 25: wins 0, safe  49.5, turns  32.1, reward +0.214, agree 0.21, |dw| 0.1883, ratio 1.248 pools {'up': 1.1126, 'down': 1.1787, 'left': 1.2933, 'right': 0.9343, 'reveal': 1.5471, 'jump': 1.1358}, T 0.67, 1.05s/game
[train_mb] game   275/800 seed 10274  last 25: wins 0, safe  54.5, turns  38.2, reward +0.476, agree 0.20, |dw| 0.2246, ratio 1.279 pools {'up': 1.1537, 'down': 1.2155, 'left': 1.3306, 'right': 0.9477, 'reveal': 1.5527, 'jump': 1.185}, T 0.64, 1.05s/game
[train_mb] game   300/800 seed 10299  last 25: wins 0, safe  52.6, turns  37.7, reward +0.290, agree 0.22, |dw| 0.2036, ratio 1.308 pools {'up': 1.1873, 'down': 1.2539, 'left': 1.3964, 'right': 0.9506, 'reveal': 1.5575, 'jump': 1.2228}, T 0.60, 1.05s/game
[train_mb] game   325/800 seed 10324  last 25: wins 0, safe  55.1, turns  42.0, reward +0.338, agree 0.21, |dw| 0.2267, ratio 1.332 pools {'up': 1.2177, 'down': 1.2835, 'left': 1.4349, 'right': 0.9503, 'reveal': 1.5718, 'jump': 1.2488}, T 0.57, 1.07s/game
[train_mb] game   350/800 seed 10349  last 25: wins 0, safe  51.4, turns  24.1, reward +0.224, agree 0.26, |dw| 0.1682, ratio 1.360 pools {'up': 1.2681, 'down': 1.3134, 'left': 1.4805, 'right': 0.9568, 'reveal': 1.5787, 'jump': 1.2838}, T 0.54, 1.05s/game
[train_mb] game   375/800 seed 10374  last 25: wins 0, safe  54.5, turns  34.4, reward +0.224, agree 0.21, |dw| 0.1961, ratio 1.388 pools {'up': 1.3084, 'down': 1.3489, 'left': 1.5209, 'right': 0.9721, 'reveal': 1.5908, 'jump': 1.3163}, T 0.50, 1.04s/game
[train_mb] game   400/800 seed 10399  last 25: wins 0, safe  51.1, turns  37.4, reward +0.154, agree 0.23, |dw| 0.1912, ratio 1.416 pools {'up': 1.3403, 'down': 1.3898, 'left': 1.5594, 'right': 0.989, 'reveal': 1.5903, 'jump': 1.3597}, T 0.47, 1.05s/game
[train_mb] game   425/800 seed 10424  last 25: wins 0, safe  50.0, turns  33.4, reward +0.212, agree 0.21, |dw| 0.1993, ratio 1.439 pools {'up': 1.3681, 'down': 1.4211, 'left': 1.591, 'right': 0.9939, 'reveal': 1.599, 'jump': 1.3914}, T 0.43, 1.04s/game
[train_mb] game   450/800 seed 10449  last 25: wins 0, safe  52.2, turns  47.4, reward +0.378, agree 0.20, |dw| 0.2445, ratio 1.462 pools {'up': 1.4015, 'down': 1.446, 'left': 1.6178, 'right': 0.9986, 'reveal': 1.6186, 'jump': 1.4151}, T 0.40, 1.06s/game
[train_mb] game   475/800 seed 10474  last 25: wins 0, safe  50.4, turns  26.9, reward +0.244, agree 0.26, |dw| 0.1908, ratio 1.484 pools {'up': 1.4247, 'down': 1.4799, 'left': 1.6477, 'right': 1.0083, 'reveal': 1.6078, 'jump': 1.4605}, T 0.37, 1.05s/game
[train_mb] game   500/800 seed 10499  last 25: wins 0, safe  55.0, turns  32.3, reward +0.244, agree 0.21, |dw| 0.2002, ratio 1.507 pools {'up': 1.4639, 'down': 1.5027, 'left': 1.6733, 'right': 1.0162, 'reveal': 1.6132, 'jump': 1.494}, T 0.34, 1.04s/game
[train_mb] game   525/800 seed 10524  last 25: wins 0, safe  50.7, turns  33.0, reward +0.256, agree 0.21, |dw| 0.2142, ratio 1.524 pools {'up': 1.4901, 'down': 1.5212, 'left': 1.6863, 'right': 1.0181, 'reveal': 1.6095, 'jump': 1.5298}, T 0.30, 1.04s/game
[train_mb] game   550/800 seed 10549  last 25: wins 0, safe  52.8, turns  36.2, reward +0.272, agree 0.24, |dw| 0.2062, ratio 1.540 pools {'up': 1.5132, 'down': 1.5454, 'left': 1.6935, 'right': 1.0282, 'reveal': 1.6214, 'jump': 1.5494}, T 0.27, 1.03s/game
[train_mb] game   575/800 seed 10574  last 25: wins 0, safe  52.1, turns  35.7, reward +0.076, agree 0.21, |dw| 0.1901, ratio 1.556 pools {'up': 1.5388, 'down': 1.5729, 'left': 1.7191, 'right': 1.0307, 'reveal': 1.6108, 'jump': 1.5785}, T 0.23, 1.02s/game
[train_mb] game   600/800 seed 10599  last 25: wins 0, safe  53.5, turns  38.6, reward +0.080, agree 0.18, |dw| 0.2090, ratio 1.571 pools {'up': 1.5536, 'down': 1.5949, 'left': 1.7374, 'right': 1.0343, 'reveal': 1.6223, 'jump': 1.5983}, T 0.20, 1.02s/game
[train_mb] game   625/800 seed 10624  last 25: wins 0, safe  52.8, turns  42.5, reward +0.046, agree 0.17, |dw| 0.2272, ratio 1.591 pools {'up': 1.5695, 'down': 1.6154, 'left': 1.7351, 'right': 1.0425, 'reveal': 1.6563, 'jump': 1.6195}, T 0.20, 1.02s/game
[train_mb] game   650/800 seed 10649  last 25: wins 0, safe  56.5, turns  46.0, reward +0.354, agree 0.21, |dw| 0.2407, ratio 1.605 pools {'up': 1.5931, 'down': 1.6312, 'left': 1.7524, 'right': 1.0442, 'reveal': 1.6565, 'jump': 1.6417}, T 0.20, 1.01s/game
[train_mb] game   675/800 seed 10674  last 25: wins 0, safe  54.2, turns  48.2, reward -0.004, agree 0.21, |dw| 0.2355, ratio 1.616 pools {'up': 1.6088, 'down': 1.6445, 'left': 1.7669, 'right': 1.0549, 'reveal': 1.6526, 'jump': 1.6609}, T 0.20, 1.01s/game
[train_mb] game   700/800 seed 10699  last 25: wins 0, safe  53.6, turns  31.5, reward +0.042, agree 0.23, |dw| 0.1822, ratio 1.631 pools {'up': 1.6303, 'down': 1.672, 'left': 1.786, 'right': 1.0634, 'reveal': 1.6435, 'jump': 1.6903}, T 0.20, 1.00s/game
[train_mb] game   725/800 seed 10724  last 25: wins 0, safe  52.3, turns  28.6, reward +0.222, agree 0.20, |dw| 0.1909, ratio 1.646 pools {'up': 1.6526, 'down': 1.6979, 'left': 1.7998, 'right': 1.0621, 'reveal': 1.6485, 'jump': 1.7095}, T 0.20, 0.98s/game
[train_mb] game   750/800 seed 10749  last 25: wins 0, safe  50.9, turns  43.8, reward -0.032, agree 0.25, |dw| 0.1860, ratio 1.656 pools {'up': 1.6761, 'down': 1.7167, 'left': 1.81, 'right': 1.0732, 'reveal': 1.6431, 'jump': 1.7246}, T 0.20, 0.98s/game
[train_mb] game   775/800 seed 10774  last 25: wins 0, safe  51.2, turns  25.8, reward +0.134, agree 0.24, |dw| 0.1777, ratio 1.672 pools {'up': 1.6924, 'down': 1.7417, 'left': 1.8053, 'right': 1.0877, 'reveal': 1.66, 'jump': 1.7428}, T 0.20, 0.96s/game
[train_mb] game   800/800 seed 10799  last 25: wins 0, safe  55.1, turns  41.0, reward +0.256, agree 0.23, |dw| 0.2050, ratio 1.683 pools {'up': 1.7112, 'down': 1.7589, 'left': 1.8248, 'right': 1.0858, 'reveal': 1.6582, 'jump': 1.7602}, T 0.20, 0.95s/game
# rl

| games | n | win_rate | mean_safe | mean_turns | mean_reward | teacher_agreement | mean_abs_dw | mean_ratio | temperature |
|---|---|---|---|---|---|---|---|---|---|
| 0-99 | 100 | 0.0 | 53.1 | 42.0 | 0.19 | 0.187 | 0.2354 | 1.017 | 0.934 |
| 100-199 | 100 | 0.0 | 53.39 | 36.0 | 0.382 | 0.194 | 0.2243 | 1.136 | 0.801 |
| 200-299 | 100 | 0.0 | 52.56 | 36.2 | 0.3 | 0.196 | 0.2077 | 1.2499 | 0.667 |
| 300-399 | 100 | 0.0 | 53.03 | 34.5 | 0.235 | 0.231 | 0.1956 | 1.3622 | 0.534 |
| 400-499 | 100 | 0.0 | 51.89 | 35.0 | 0.27 | 0.218 | 0.2087 | 1.4622 | 0.401 |
| 500-599 | 100 | 0.0 | 52.27 | 35.9 | 0.171 | 0.212 | 0.2049 | 1.5404 | 0.267 |
| 600-699 | 100 | 0.0 | 54.27 | 42.0 | 0.109 | 0.204 | 0.2214 | 1.6034 | 0.2 |
| 700-799 | 100 | 0.0 | 52.36 | 34.8 | 0.145 | 0.23 | 0.1899 | 1.6581 | 0.2 |

[train_mb] done: 800 games in 764s -> outputs/mb/rl
