[train_mb] design: {"action_mbons": {"up": "MBON01", "down": "MBON05", "left": "MBON06", "right": "MBON03", "reveal": "MBON11", "jump": "MBON09"}, "pool_cells": {"up": 2, "down": 2, "left": 2, "right": 2, "reveal": 2, "jump": 4}, "plastic_edges": 16167, "plastic_edges_per_pool": {"up": 2109, "down": 1999, "left": 1944, "right": 1249, "reveal": 4184, "jump": 4682}, "kc_cells": 4064, "kc_kc_edges_silenced": 642933, "pn_kc_edges": 22586, "kc_bias": -0.2, "kc_kc_gain": 0.0, "pn_kc_gain": 1.0, "pn_bias": 0.0, "pn_cells": 686, "pam_cells": 316, "ppl1_cells": 16, "games_trained": 0}
[train_mb] game     1/1200 seed 10000  last 1: wins 0, safe  45.0, turns  25.0, reward -0.500, agree 0.12, |dw| 0.2405, ratio 1.000 pools {'up': 1.0011, 'down': 0.994, 'left': 0.9974, 'right': 0.9981, 'reveal': 1.0071, 'jump': 0.9988}, T 1.00, 0.61s/game
[train_mb] game    25/1200 seed 10024  last 25: wins 0, safe  51.4, turns  41.2, reward -0.226, agree 0.15, |dw| 0.2708, ratio 0.992 pools {'up': 0.9932, 'down': 0.9989, 'left': 0.9829, 'right': 0.9804, 'reveal': 1.0121, 'jump': 0.9756}, T 0.98, 1.13s/game
[train_mb] game    50/1200 seed 10049  last 25: wins 0, safe  46.9, turns  30.2, reward +0.120, agree 0.16, |dw| 0.2312, ratio 1.007 pools {'up': 0.9888, 'down': 1.0032, 'left': 0.9855, 'right': 0.9673, 'reveal': 1.0577, 'jump': 0.99}, T 0.96, 0.99s/game
[train_mb] game    75/1200 seed 10074  last 25: wins 0, safe  56.3, turns  35.8, reward +0.186, agree 0.16, |dw| 0.2661, ratio 1.047 pools {'up': 0.9828, 'down': 1.0232, 'left': 0.9677, 'right': 0.9659, 'reveal': 1.2211, 'jump': 0.9835}, T 0.93, 0.95s/game
[train_mb] game   100/1200 seed 10099  last 25: wins 0, safe  52.6, turns  27.4, reward +0.066, agree 0.17, |dw| 0.2096, ratio 1.085 pools {'up': 1.0037, 'down': 1.0249, 'left': 0.9873, 'right': 0.9776, 'reveal': 1.3115, 'jump': 1.0128}, T 0.91, 0.88s/game
[train_mb] game   125/1200 seed 10124  last 25: wins 0, safe  50.6, turns  20.2, reward +0.154, agree 0.20, |dw| 0.2049, ratio 1.115 pools {'up': 1.0338, 'down': 1.0276, 'left': 0.9952, 'right': 0.9875, 'reveal': 1.377, 'jump': 1.0397}, T 0.89, 0.81s/game
[train_mb] game   150/1200 seed 10149  last 25: wins 0, safe  52.9, turns  26.2, reward +0.264, agree 0.19, |dw| 0.2345, ratio 1.151 pools {'up': 1.0614, 'down': 1.0394, 'left': 0.9968, 'right': 1.0097, 'reveal': 1.4514, 'jump': 1.0731}, T 0.87, 0.80s/game
[train_mb] game   175/1200 seed 10174  last 25: wins 0, safe  51.4, turns  27.5, reward +0.020, agree 0.19, |dw| 0.1997, ratio 1.180 pools {'up': 1.1038, 'down': 1.0613, 'left': 1.0314, 'right': 1.0303, 'reveal': 1.4731, 'jump': 1.1039}, T 0.84, 0.80s/game
[train_mb] game   200/1200 seed 10199  last 25: wins 0, safe  54.0, turns  19.0, reward +0.110, agree 0.19, |dw| 0.1783, ratio 1.215 pools {'up': 1.1266, 'down': 1.0906, 'left': 1.0525, 'right': 1.0536, 'reveal': 1.5123, 'jump': 1.1538}, T 0.82, 0.78s/game
[train_mb] game   225/1200 seed 10224  last 25: wins 0, safe  49.0, turns  16.5, reward -0.022, agree 0.21, |dw| 0.1675, ratio 1.240 pools {'up': 1.1576, 'down': 1.1133, 'left': 1.0942, 'right': 1.0664, 'reveal': 1.5255, 'jump': 1.1823}, T 0.80, 0.74s/game
[train_mb] game   250/1200 seed 10249  last 25: wins 0, safe  50.7, turns  17.9, reward +0.182, agree 0.25, |dw| 0.1881, ratio 1.270 pools {'up': 1.1986, 'down': 1.1472, 'left': 1.1327, 'right': 1.0862, 'reveal': 1.5446, 'jump': 1.216}, T 0.78, 0.72s/game
[train_mb] game   275/1200 seed 10274  last 25: wins 0, safe  53.7, turns  23.7, reward +0.286, agree 0.18, |dw| 0.2119, ratio 1.295 pools {'up': 1.2222, 'down': 1.1721, 'left': 1.1636, 'right': 1.1156, 'reveal': 1.5556, 'jump': 1.2505}, T 0.76, 0.71s/game
[train_mb] game   300/1200 seed 10299  last 25: wins 0, safe  51.7, turns  25.0, reward +0.178, agree 0.21, |dw| 0.1951, ratio 1.324 pools {'up': 1.2701, 'down': 1.2114, 'left': 1.2123, 'right': 1.1446, 'reveal': 1.5595, 'jump': 1.2802}, T 0.73, 0.72s/game
[train_mb] game   325/1200 seed 10324  last 25: wins 0, safe  52.9, turns  23.3, reward +0.104, agree 0.23, |dw| 0.1947, ratio 1.353 pools {'up': 1.3009, 'down': 1.2418, 'left': 1.2516, 'right': 1.1758, 'reveal': 1.5642, 'jump': 1.3261}, T 0.71, 0.72s/game
[train_mb] game   350/1200 seed 10349  last 25: wins 0, safe  54.3, turns  30.7, reward +0.166, agree 0.23, |dw| 0.2044, ratio 1.382 pools {'up': 1.3314, 'down': 1.28, 'left': 1.2956, 'right': 1.201, 'reveal': 1.5757, 'jump': 1.3589}, T 0.69, 0.73s/game
[train_mb] game   375/1200 seed 10374  last 25: wins 0, safe  53.5, turns  27.3, reward +0.048, agree 0.20, |dw| 0.1962, ratio 1.413 pools {'up': 1.3523, 'down': 1.3195, 'left': 1.3409, 'right': 1.2277, 'reveal': 1.5955, 'jump': 1.3959}, T 0.67, 0.73s/game
[train_mb] game   400/1200 seed 10399  last 25: wins 0, safe  50.8, turns  21.1, reward +0.020, agree 0.20, |dw| 0.1696, ratio 1.439 pools {'up': 1.3807, 'down': 1.3648, 'left': 1.3778, 'right': 1.2439, 'reveal': 1.5857, 'jump': 1.4424}, T 0.65, 0.72s/game
[train_mb] game   425/1200 seed 10424  last 25: wins 0, safe  51.0, turns  23.6, reward +0.300, agree 0.20, |dw| 0.2091, ratio 1.463 pools {'up': 1.42, 'down': 1.4022, 'left': 1.3756, 'right': 1.263, 'reveal': 1.6103, 'jump': 1.4676}, T 0.62, 0.72s/game
[train_mb] game   450/1200 seed 10449  last 25: wins 0, safe  51.2, turns  36.0, reward +0.272, agree 0.20, |dw| 0.2328, ratio 1.482 pools {'up': 1.4493, 'down': 1.4212, 'left': 1.3949, 'right': 1.2854, 'reveal': 1.6223, 'jump': 1.4869}, T 0.60, 0.73s/game
[train_mb] game   475/1200 seed 10474  last 25: wins 0, safe  52.2, turns  35.5, reward +0.130, agree 0.18, |dw| 0.2216, ratio 1.503 pools {'up': 1.4761, 'down': 1.4515, 'left': 1.4021, 'right': 1.3038, 'reveal': 1.6347, 'jump': 1.5155}, T 0.58, 0.74s/game
[train_mb] game   500/1200 seed 10499  last 25: wins 0, safe  56.1, turns  36.7, reward +0.150, agree 0.19, |dw| 0.2193, ratio 1.526 pools {'up': 1.5003, 'down': 1.4706, 'left': 1.4192, 'right': 1.3239, 'reveal': 1.6404, 'jump': 1.556}, T 0.56, 0.76s/game
