[train_mb] design: {"action_mbons": {"up": "MBON01", "down": "MBON05", "left": "MBON06", "right": "MBON03", "reveal": "MBON11", "jump": "MBON09"}, "pool_cells": {"up": 2, "down": 2, "left": 2, "right": 2, "reveal": 2, "jump": 4}, "plastic_edges": 16167, "plastic_edges_per_pool": {"up": 2109, "down": 1999, "left": 1944, "right": 1249, "reveal": 4184, "jump": 4682}, "kc_cells": 4064, "kc_kc_edges_silenced": 642933, "pn_kc_edges": 22586, "kc_bias": -0.2, "kc_kc_gain": 0.0, "pn_kc_gain": 1.0, "pam_cells": 316, "ppl1_cells": 16, "games_trained": 0}
[train_mb] game     1/2000 seed 10000  last 1: wins 0, safe  45.0, turns  25.0, reward -0.500, agree 0.12, |dw| 0.5236, ratio 0.999 pools {'up': 1.0167, 'down': 0.9786, 'left': 0.9774, 'right': 1.0035, 'reveal': 0.9993, 'jump': 1.0054}, T 1.00, 0.79s/game
[train_mb] game    25/2000 seed 10024  last 25: wins 0, safe  51.8, turns  28.0, reward -0.170, agree 0.14, |dw| 0.5398, ratio 0.954 pools {'up': 1.2954, 'down': 0.8764, 'left': 0.8507, 'right': 1.0058, 'reveal': 0.9719, 'jump': 0.8463}, T 0.99, 1.29s/game
[train_mb] game    50/2000 seed 10049  last 25: wins 0, safe  47.4, turns  39.8, reward -0.022, agree 0.18, |dw| 0.6007, ratio 0.986 pools {'up': 1.1682, 'down': 0.8784, 'left': 0.8033, 'right': 1.0169, 'reveal': 1.1799, 'jump': 0.8433}, T 0.97, 1.41s/game
[train_mb] game    75/2000 seed 10074  last 25: wins 0, safe  53.9, turns  23.2, reward +0.038, agree 0.18, |dw| 0.5049, ratio 1.017 pools {'up': 1.075, 'down': 0.937, 'left': 0.8126, 'right': 1.0469, 'reveal': 1.2327, 'jump': 0.9086}, T 0.96, 1.14s/game
[train_mb] game   100/2000 seed 10099  last 25: wins 0, safe  52.6, turns  20.8, reward +0.086, agree 0.21, |dw| 0.4930, ratio 1.048 pools {'up': 1.0824, 'down': 0.9066, 'left': 0.8541, 'right': 1.0871, 'reveal': 1.2847, 'jump': 0.9501}, T 0.95, 1.01s/game
[train_mb] game   125/2000 seed 10124  last 25: wins 0, safe  51.3, turns  27.0, reward +0.116, agree 0.19, |dw| 0.5389, ratio 1.063 pools {'up': 1.1117, 'down': 0.907, 'left': 0.8271, 'right': 1.139, 'reveal': 1.3549, 'jump': 0.9263}, T 0.93, 0.94s/game
[train_mb] game   150/2000 seed 10149  last 25: wins 0, safe  52.4, turns  23.5, reward +0.120, agree 0.18, |dw| 0.5292, ratio 1.097 pools {'up': 1.042, 'down': 0.9844, 'left': 0.7853, 'right': 1.1952, 'reveal': 1.4009, 'jump': 1.001}, T 0.92, 0.89s/game
[train_mb] game   175/2000 seed 10174  last 25: wins 0, safe  52.4, turns  23.6, reward +0.156, agree 0.19, |dw| 0.5413, ratio 1.133 pools {'up': 1.0719, 'down': 0.9474, 'left': 0.8027, 'right': 1.2329, 'reveal': 1.4008, 'jump': 1.1115}, T 0.91, 0.85s/game
[train_mb] game   200/2000 seed 10199  last 25: wins 0, safe  54.8, turns  19.8, reward +0.212, agree 0.18, |dw| 0.5176, ratio 1.159 pools {'up': 0.9922, 'down': 0.9085, 'left': 0.8879, 'right': 1.2868, 'reveal': 1.4356, 'jump': 1.1727}, T 0.89, 0.81s/game
[train_mb] game   225/2000 seed 10224  last 25: wins 0, safe  52.9, turns  20.5, reward +0.132, agree 0.17, |dw| 0.5270, ratio 1.174 pools {'up': 1.0691, 'down': 0.9358, 'left': 0.8679, 'right': 1.3292, 'reveal': 1.4487, 'jump': 1.1631}, T 0.88, 0.78s/game
[train_mb] game   250/2000 seed 10249  last 25: wins 0, safe  45.2, turns  15.4, reward -0.042, agree 0.20, |dw| 0.4226, ratio 1.187 pools {'up': 1.1347, 'down': 0.9874, 'left': 0.9131, 'right': 1.3801, 'reveal': 1.4178, 'jump': 1.1529}, T 0.87, 0.74s/game
[train_mb] game   275/2000 seed 10274  last 25: wins 0, safe  52.7, turns  22.5, reward +0.192, agree 0.20, |dw| 0.4968, ratio 1.208 pools {'up': 1.117, 'down': 0.9674, 'left': 0.9312, 'right': 1.4259, 'reveal': 1.4727, 'jump': 1.1712}, T 0.85, 0.73s/game
[train_mb] game   300/2000 seed 10299  last 25: wins 0, safe  51.5, turns  20.4, reward +0.154, agree 0.22, |dw| 0.4829, ratio 1.231 pools {'up': 1.1522, 'down': 0.9992, 'left': 0.8841, 'right': 1.4706, 'reveal': 1.4977, 'jump': 1.207}, T 0.84, 0.71s/game
[train_mb] game   325/2000 seed 10324  last 25: wins 0, safe  51.8, turns  14.6, reward +0.130, agree 0.27, |dw| 0.4212, ratio 1.235 pools {'up': 1.2034, 'down': 1.0332, 'left': 0.9382, 'right': 1.518, 'reveal': 1.4888, 'jump': 1.1573}, T 0.83, 0.69s/game
[train_mb] game   350/2000 seed 10349  last 25: wins 0, safe  52.2, turns  22.9, reward +0.054, agree 0.21, |dw| 0.4660, ratio 1.255 pools {'up': 1.1346, 'down': 1.045, 'left': 1.0162, 'right': 1.5557, 'reveal': 1.5097, 'jump': 1.1892}, T 0.81, 0.68s/game
[train_mb] game   375/2000 seed 10374  last 25: wins 0, safe  53.3, turns  25.8, reward -0.046, agree 0.22, |dw| 0.4860, ratio 1.275 pools {'up': 1.187, 'down': 1.0336, 'left': 1.0664, 'right': 1.5909, 'reveal': 1.4949, 'jump': 1.2236}, T 0.80, 0.68s/game
[train_mb] game   400/2000 seed 10399  last 25: wins 0, safe  49.6, turns  22.4, reward -0.106, agree 0.20, |dw| 0.4265, ratio 1.281 pools {'up': 1.2097, 'down': 1.1116, 'left': 1.0247, 'right': 1.6261, 'reveal': 1.5035, 'jump': 1.2025}, T 0.79, 0.67s/game
[train_mb] game   425/2000 seed 10424  last 25: wins 0, safe  51.2, turns  23.0, reward +0.276, agree 0.21, |dw| 0.5413, ratio 1.297 pools {'up': 1.208, 'down': 1.1056, 'left': 1.0262, 'right': 1.6592, 'reveal': 1.5358, 'jump': 1.2215}, T 0.77, 0.67s/game
[train_mb] game   450/2000 seed 10449  last 25: wins 0, safe  46.8, turns  15.8, reward +0.096, agree 0.23, |dw| 0.4373, ratio 1.311 pools {'up': 1.2027, 'down': 1.1663, 'left': 1.078, 'right': 1.699, 'reveal': 1.5405, 'jump': 1.2089}, T 0.76, 0.65s/game
[train_mb] game   475/2000 seed 10474  last 25: wins 0, safe  50.9, turns  24.8, reward +0.066, agree 0.19, |dw| 0.5164, ratio 1.329 pools {'up': 1.2512, 'down': 1.1326, 'left': 1.1188, 'right': 1.7315, 'reveal': 1.5153, 'jump': 1.2623}, T 0.75, 0.65s/game
[train_mb] game   500/2000 seed 10499  last 25: wins 0, safe  53.0, turns  21.0, reward +0.050, agree 0.22, |dw| 0.4462, ratio 1.351 pools {'up': 1.242, 'down': 1.1341, 'left': 1.1311, 'right': 1.7611, 'reveal': 1.5169, 'jump': 1.3268}, T 0.73, 0.65s/game
[train_mb] game   525/2000 seed 10524  last 25: wins 0, safe  45.8, turns  14.3, reward +0.062, agree 0.22, |dw| 0.4253, ratio 1.374 pools {'up': 1.2349, 'down': 1.2114, 'left': 1.1424, 'right': 1.7899, 'reveal': 1.5183, 'jump': 1.3638}, T 0.72, 0.63s/game
[train_mb] game   550/2000 seed 10549  last 25: wins 0, safe  52.4, turns  24.7, reward +0.168, agree 0.20, |dw| 0.4946, ratio 1.376 pools {'up': 1.2791, 'down': 1.1978, 'left': 1.1131, 'right': 1.8241, 'reveal': 1.5406, 'jump': 1.3375}, T 0.71, 0.63s/game
[train_mb] game   575/2000 seed 10574  last 25: wins 0, safe  50.8, turns  22.1, reward +0.018, agree 0.21, |dw| 0.4696, ratio 1.384 pools {'up': 1.3072, 'down': 1.203, 'left': 1.1769, 'right': 1.8533, 'reveal': 1.5277, 'jump': 1.3289}, T 0.69, 0.63s/game
[train_mb] game   600/2000 seed 10599  last 25: wins 0, safe  51.0, turns  19.1, reward +0.056, agree 0.23, |dw| 0.4096, ratio 1.391 pools {'up': 1.3273, 'down': 1.228, 'left': 1.1629, 'right': 1.8834, 'reveal': 1.5417, 'jump': 1.3175}, T 0.68, 0.63s/game
[train_mb] game   625/2000 seed 10624  last 25: wins 0, safe  50.4, turns  19.8, reward +0.078, agree 0.19, |dw| 0.4551, ratio 1.403 pools {'up': 1.3299, 'down': 1.2265, 'left': 1.1613, 'right': 1.9155, 'reveal': 1.5277, 'jump': 1.3634}, T 0.67, 0.63s/game
[train_mb] game   650/2000 seed 10649  last 25: wins 0, safe  49.5, turns  17.1, reward +0.156, agree 0.21, |dw| 0.4624, ratio 1.423 pools {'up': 1.3693, 'down': 1.2189, 'left': 1.1579, 'right': 1.943, 'reveal': 1.5526, 'jump': 1.3914}, T 0.65, 0.63s/game
[train_mb] game   675/2000 seed 10674  last 25: wins 0, safe  50.8, turns  18.1, reward +0.020, agree 0.24, |dw| 0.4068, ratio 1.417 pools {'up': 1.4211, 'down': 1.2422, 'left': 1.2197, 'right': 1.9658, 'reveal': 1.5548, 'jump': 1.3035}, T 0.64, 0.62s/game
