[train_mb] design: {"action_mbons": {"up": "MBON01", "down": "MBON05", "left": "MBON06", "right": "MBON03", "reveal": "MBON11", "jump": "MBON09"}, "pool_cells": {"up": 2, "down": 2, "left": 2, "right": 2, "reveal": 2, "jump": 4}, "plastic_edges": 16167, "plastic_edges_per_pool": {"up": 2109, "down": 1999, "left": 1944, "right": 1249, "reveal": 4184, "jump": 4682}, "kc_cells": 4064, "kc_kc_edges_silenced": 642933, "pn_kc_edges": 22586, "kc_bias": -0.2, "kc_kc_gain": 0.0, "pn_kc_gain": 1.0, "pam_cells": 316, "ppl1_cells": 16, "games_trained": 0}
[train_mb] game     1/2000 seed 12000  last 1: wins 1, safe  71.0, turns  44.0, reward +0.000, agree 0.18, |dw| 5.4616, ratio 0.953 pools {'up': 1.0455, 'down': 0.7895, 'left': 0.932, 'right': 1.1217, 'reveal': 1.134, 'jump': 0.7813}, T 1.00, 1.98s/game
[train_mb] game    25/2000 seed 12024  last 25: wins 20, safe  67.6, turns  49.8, reward +0.000, agree 0.29, |dw| 4.6443, ratio 0.886 pools {'up': 0.858, 'down': 0.7404, 'left': 0.6466, 'right': 1.8571, 'reveal': 1.1945, 'jump': 0.5243}, T 0.99, 2.26s/game
[train_mb] game    50/2000 seed 12049  last 25: wins 23, safe  70.5, turns  55.8, reward +0.000, agree 0.32, |dw| 4.8782, ratio 0.890 pools {'up': 0.9219, 'down': 1.0056, 'left': 0.655, 'right': 2.0328, 'reveal': 1.1064, 'jump': 0.4263}, T 0.97, 1.97s/game
[train_mb] game    75/2000 seed 12074  last 25: wins 22, safe  70.7, turns  50.7, reward +0.000, agree 0.32, |dw| 4.3158, ratio 0.948 pools {'up': 1.1097, 'down': 0.7682, 'left': 0.9862, 'right': 2.0727, 'reveal': 1.1016, 'jump': 0.4977}, T 0.96, 1.77s/game
[train_mb] game   100/2000 seed 12099  last 25: wins 21, safe  68.2, turns  49.0, reward +0.000, agree 0.35, |dw| 4.0633, ratio 0.978 pools {'up': 1.2508, 'down': 0.8583, 'left': 0.845, 'right': 2.0177, 'reveal': 1.2776, 'jump': 0.4152}, T 0.95, 1.65s/game
[train_mb] game   125/2000 seed 12124  last 25: wins 20, safe  69.8, turns  58.1, reward +0.000, agree 0.31, |dw| 5.0644, ratio 0.966 pools {'up': 1.1418, 'down': 0.8555, 'left': 0.6724, 'right': 2.3419, 'reveal': 1.2191, 'jump': 0.4642}, T 0.93, 1.63s/game
[train_mb] game   150/2000 seed 12149  last 25: wins 20, safe  70.2, turns  53.2, reward +0.000, agree 0.33, |dw| 4.3884, ratio 1.011 pools {'up': 1.0931, 'down': 0.8982, 'left': 0.8523, 'right': 2.3282, 'reveal': 1.2541, 'jump': 0.5189}, T 0.92, 1.59s/game
[train_mb] game   175/2000 seed 12174  last 25: wins 24, safe  70.8, turns  52.7, reward +0.000, agree 0.33, |dw| 4.2916, ratio 1.026 pools {'up': 1.2765, 'down': 0.7846, 'left': 0.7906, 'right': 2.2956, 'reveal': 1.2854, 'jump': 0.5453}, T 0.91, 1.56s/game
[train_mb] game   200/2000 seed 12199  last 25: wins 23, safe  70.2, turns  52.1, reward +0.000, agree 0.34, |dw| 4.2837, ratio 1.049 pools {'up': 1.0287, 'down': 1.0772, 'left': 0.7548, 'right': 2.4016, 'reveal': 1.3602, 'jump': 0.5305}, T 0.89, 1.54s/game
[train_mb] game   225/2000 seed 12224  last 25: wins 17, safe  69.8, turns  54.3, reward +0.000, agree 0.35, |dw| 4.4879, ratio 1.090 pools {'up': 1.3082, 'down': 0.9837, 'left': 0.9359, 'right': 2.1548, 'reveal': 1.3449, 'jump': 0.5898}, T 0.88, 1.53s/game
[train_mb] game   250/2000 seed 12249  last 25: wins 21, safe  68.4, turns  51.9, reward +0.000, agree 0.31, |dw| 4.5073, ratio 1.067 pools {'up': 1.266, 'down': 0.8889, 'left': 0.7685, 'right': 2.3005, 'reveal': 1.2345, 'jump': 0.7004}, T 0.87, 1.53s/game
[train_mb] game   275/2000 seed 12274  last 25: wins 17, safe  67.5, turns  48.2, reward +0.000, agree 0.31, |dw| 4.1350, ratio 1.034 pools {'up': 0.991, 'down': 0.8771, 'left': 0.7872, 'right': 2.427, 'reveal': 1.4105, 'jump': 0.5132}, T 0.85, 1.52s/game
[train_mb] game   300/2000 seed 12299  last 25: wins 24, safe  70.8, turns  51.3, reward +0.000, agree 0.34, |dw| 4.1900, ratio 1.094 pools {'up': 1.1361, 'down': 0.997, 'left': 0.98, 'right': 2.222, 'reveal': 1.3659, 'jump': 0.6211}, T 0.84, 1.49s/game
[train_mb] game   325/2000 seed 12324  last 25: wins 0, safe  48.7, turns  24.3, reward -0.106, agree 0.31, |dw| 0.4463, ratio 1.116 pools {'up': 1.133, 'down': 0.9502, 'left': 0.8865, 'right': 2.2363, 'reveal': 1.4007, 'jump': 0.7224}, T 0.83, 1.42s/game
[train_mb] game   350/2000 seed 12349  last 25: wins 0, safe  49.8, turns  23.8, reward -0.088, agree 0.28, |dw| 0.4226, ratio 1.167 pools {'up': 1.1908, 'down': 0.8709, 'left': 0.8385, 'right': 2.2472, 'reveal': 1.4735, 'jump': 0.8553}, T 0.81, 1.35s/game
[train_mb] game   375/2000 seed 12374  last 25: wins 0, safe  47.2, turns  15.2, reward -0.000, agree 0.24, |dw| 0.4052, ratio 1.190 pools {'up': 1.1936, 'down': 0.9308, 'left': 0.8651, 'right': 2.2604, 'reveal': 1.4817, 'jump': 0.8872}, T 0.80, 1.29s/game
[train_mb] game   400/2000 seed 12399  last 25: wins 0, safe  50.8, turns  28.4, reward +0.256, agree 0.24, |dw| 0.5784, ratio 1.218 pools {'up': 1.1707, 'down': 0.9249, 'left': 0.8915, 'right': 2.2579, 'reveal': 1.5978, 'jump': 0.8847}, T 0.79, 1.25s/game
[train_mb] game   425/2000 seed 12424  last 25: wins 0, safe  53.8, turns  22.7, reward +0.116, agree 0.24, |dw| 0.5309, ratio 1.247 pools {'up': 1.1683, 'down': 0.963, 'left': 0.9356, 'right': 2.2537, 'reveal': 1.5886, 'jump': 0.9586}, T 0.77, 1.22s/game
[train_mb] game   450/2000 seed 12449  last 25: wins 0, safe  51.1, turns  20.1, reward +0.106, agree 0.30, |dw| 0.4661, ratio 1.284 pools {'up': 1.269, 'down': 0.9685, 'left': 0.8938, 'right': 2.2476, 'reveal': 1.5843, 'jump': 1.0626}, T 0.76, 1.19s/game
[train_mb] game   475/2000 seed 12474  last 25: wins 0, safe  50.6, turns  16.2, reward +0.158, agree 0.23, |dw| 0.4609, ratio 1.295 pools {'up': 1.2662, 'down': 1.0219, 'left': 0.9269, 'right': 2.2469, 'reveal': 1.6198, 'jump': 1.0347}, T 0.75, 1.15s/game
[train_mb] game   500/2000 seed 12499  last 25: wins 0, safe  53.9, turns  22.9, reward +0.124, agree 0.22, |dw| 0.5032, ratio 1.313 pools {'up': 1.3026, 'down': 1.0766, 'left': 0.9757, 'right': 2.2488, 'reveal': 1.6083, 'jump': 1.0451}, T 0.73, 1.13s/game
[train_mb] game   525/2000 seed 12524  last 25: wins 0, safe  51.7, turns  20.0, reward +0.162, agree 0.27, |dw| 0.4800, ratio 1.334 pools {'up': 1.3222, 'down': 1.0735, 'left': 0.9689, 'right': 2.251, 'reveal': 1.6523, 'jump': 1.0719}, T 0.72, 1.10s/game
[train_mb] game   550/2000 seed 12549  last 25: wins 0, safe  51.2, turns  16.5, reward +0.054, agree 0.21, |dw| 0.4170, ratio 1.346 pools {'up': 1.3198, 'down': 1.0817, 'left': 1.0193, 'right': 2.2595, 'reveal': 1.6802, 'jump': 1.0648}, T 0.71, 1.07s/game
[train_mb] game   575/2000 seed 12574  last 25: wins 0, safe  49.4, turns  14.0, reward +0.002, agree 0.28, |dw| 0.3920, ratio 1.358 pools {'up': 1.334, 'down': 1.1505, 'left': 1.0373, 'right': 2.2724, 'reveal': 1.6621, 'jump': 1.0737}, T 0.69, 1.04s/game
[train_mb] game   600/2000 seed 12599  last 25: wins 0, safe  52.8, turns  22.7, reward -0.024, agree 0.24, |dw| 0.4384, ratio 1.369 pools {'up': 1.3304, 'down': 1.144, 'left': 1.0927, 'right': 2.2808, 'reveal': 1.6706, 'jump': 1.0863}, T 0.68, 1.02s/game
[train_mb] game   625/2000 seed 12624  last 25: wins 0, safe  51.0, turns  17.6, reward +0.128, agree 0.24, |dw| 0.4562, ratio 1.401 pools {'up': 1.3606, 'down': 1.1231, 'left': 1.0631, 'right': 2.2868, 'reveal': 1.6752, 'jump': 1.1982}, T 0.67, 1.00s/game
[train_mb] game   650/2000 seed 12649  last 25: wins 0, safe  54.8, turns  19.7, reward +0.112, agree 0.20, |dw| 0.4647, ratio 1.410 pools {'up': 1.3708, 'down': 1.1249, 'left': 1.121, 'right': 2.2865, 'reveal': 1.6939, 'jump': 1.1805}, T 0.65, 0.98s/game
[train_mb] game   675/2000 seed 12674  last 25: wins 0, safe  51.9, turns  20.3, reward +0.074, agree 0.23, |dw| 0.4563, ratio 1.418 pools {'up': 1.3954, 'down': 1.1755, 'left': 1.1012, 'right': 2.2983, 'reveal': 1.6856, 'jump': 1.189}, T 0.64, 0.96s/game
[train_mb] game   700/2000 seed 12699  last 25: wins 0, safe  48.4, turns  18.6, reward +0.238, agree 0.24, |dw| 0.4602, ratio 1.441 pools {'up': 1.4009, 'down': 1.2058, 'left': 1.0856, 'right': 2.3032, 'reveal': 1.697, 'jump': 1.2476}, T 0.63, 0.94s/game
[train_mb] game   725/2000 seed 12724  last 25: wins 0, safe  53.4, turns  21.7, reward +0.238, agree 0.23, |dw| 0.5163, ratio 1.459 pools {'up': 1.395, 'down': 1.2507, 'left': 1.1138, 'right': 2.3085, 'reveal': 1.6938, 'jump': 1.283}, T 0.61, 0.93s/game
[train_mb] game   750/2000 seed 12749  last 25: wins 0, safe  49.0, turns  17.2, reward +0.086, agree 0.26, |dw| 0.4347, ratio 1.465 pools {'up': 1.417, 'down': 1.2642, 'left': 1.1209, 'right': 2.3197, 'reveal': 1.6809, 'jump': 1.2945}, T 0.60, 0.92s/game
[train_mb] game   775/2000 seed 12774  last 25: wins 0, safe  53.9, turns  17.3, reward +0.226, agree 0.24, |dw| 0.4703, ratio 1.469 pools {'up': 1.4678, 'down': 1.1678, 'left': 1.1453, 'right': 2.3304, 'reveal': 1.7142, 'jump': 1.2837}, T 0.59, 0.90s/game
[train_mb] game   800/2000 seed 12799  last 25: wins 0, safe  50.2, turns  17.4, reward +0.082, agree 0.27, |dw| 0.4340, ratio 1.476 pools {'up': 1.4676, 'down': 1.265, 'left': 1.1304, 'right': 2.3411, 'reveal': 1.6918, 'jump': 1.2894}, T 0.57, 0.88s/game
