[train_readout] recording 33,057 cells {'dn': 1314, 'vp': 9201, 'cx': 2950, 'mbon': 97, 't4': 6865, 't5': 6720, 'kc': 4064, 'an': 1846} per 15-step turn; explore 0.25 (pool decoder acts); seeds from 30000
[train_readout] game   10 seed 30009  won     safe 71/71 turns  93 overrides  58 | turns so far 717 (37.1/s)
[train_readout] game   20 seed 30019  lost    safe 51/71 turns  33 overrides  22 | turns so far 1,195 (36.7/s)
[train_readout] game   30 seed 30029  lost    safe 70/71 turns  34 overrides  25 | turns so far 1,714 (34.8/s)
[train_readout] game   40 seed 30039  won     safe 71/71 turns  79 overrides  55 | turns so far 2,239 (32.9/s)
[train_readout] game   50 seed 30049  won     safe 71/71 turns 103 overrides  63 | turns so far 2,797 (31.2/s)
[train_readout] game   60 seed 30059  lost    safe 67/71 turns  74 overrides  49 | turns so far 3,430 (30.6/s)
[train_readout] game   70 seed 30069  lost    safe 70/71 turns  69 overrides  46 | turns so far 4,078 (30.3/s)
[train_readout] game   80 seed 30079  won     safe 71/71 turns  69 overrides  46 | turns so far 4,751 (30.7/s)
[train_readout] game   90 seed 30089  won     safe 71/71 turns 126 overrides  83 | turns so far 5,599 (30.8/s)
[train_readout] game  100 seed 30099  won     safe 71/71 turns  39 overrides  30 | turns so far 6,248 (30.4/s)
[train_readout] game  110 seed 30109  won     safe 71/71 turns  78 overrides  54 | turns so far 6,874 (30.4/s)
[train_readout] game  120 seed 30119  won     safe 71/71 turns  49 overrides  32 | turns so far 7,458 (30.4/s)
[train_readout] game  130 seed 30129  won     safe 71/71 turns  54 overrides  40 | turns so far 8,404 (30.8/s)
[train_readout] game  140 seed 30139  lost    safe 58/71 turns  30 overrides  20 | turns so far 9,244 (31.2/s)
[train_readout] game  150 seed 30149  lost    safe 50/71 turns  21 overrides  16 | turns so far 9,942 (31.1/s)
[train_readout] game  160 seed 30159  lost    safe 43/71 turns  10 overrides   3 | turns so far 10,404 (31.1/s)
[train_readout] game  170 seed 30169  won     safe 71/71 turns 138 overrides  85 | turns so far 11,102 (31.0/s)
[train_readout] game  180 seed 30179  won     safe 71/71 turns  66 overrides  47 | turns so far 11,789 (31.1/s)
[train_readout] game  190 seed 30189  won     safe 71/71 turns  71 overrides  51 | turns so far 12,439 (31.4/s)
[train_readout] game  200 seed 30199  lost    safe 54/71 turns  10 overrides   6 | turns so far 13,119 (31.6/s)
[train_readout] game  210 seed 30209  won     safe 71/71 turns  70 overrides  47 | turns so far 13,678 (31.8/s)
[train_readout] game  220 seed 30219  won     safe 71/71 turns  60 overrides  44 | turns so far 14,317 (31.9/s)
[train_readout] game  230 seed 30229  lost    safe 62/71 turns  23 overrides  11 | turns so far 14,870 (32.1/s)
[train_readout] game  240 seed 30239  won     safe 71/71 turns  32 overrides  27 | turns so far 15,415 (32.2/s)
[train_readout] game  250 seed 30249  won     safe 71/71 turns  85 overrides  58 | turns so far 16,025 (32.4/s)
[train_readout] game  260 seed 30259  won     safe 71/71 turns  79 overrides  52 | turns so far 16,739 (32.5/s)
[train_readout] game  270 seed 30269  won     safe 71/71 turns  52 overrides  30 | turns so far 17,480 (32.6/s)
[train_readout] game  280 seed 30279  won     safe 71/71 turns  76 overrides  47 | turns so far 18,369 (32.8/s)
[train_readout] game  290 seed 30289  lost    safe 68/71 turns  43 overrides  32 | turns so far 18,990 (32.8/s)
[train_readout] game  300 seed 30299  won     safe 71/71 turns  50 overrides  32 | turns so far 19,605 (32.8/s)
[train_readout] game  310 seed 30309  won     safe 71/71 turns 112 overrides  77 | turns so far 20,236 (32.7/s)
[train_readout] game  320 seed 30319  won     safe 71/71 turns 140 overrides  93 | turns so far 21,071 (32.9/s)
[train_readout] game  330 seed 30329  won     safe 71/71 turns 104 overrides  68 | turns so far 21,728 (33.1/s)
[train_readout] game  340 seed 30339  won     safe 71/71 turns  96 overrides  68 | turns so far 22,413 (33.2/s)
[train_readout] game  350 seed 30349  won     safe 71/71 turns 102 overrides  72 | turns so far 23,130 (33.3/s)
[train_readout] game  360 seed 30359  won     safe 71/71 turns  49 overrides  29 | turns so far 23,916 (33.3/s)
[train_readout] game  370 seed 30369  lost    safe 67/71 turns  63 overrides  50 | turns so far 24,650 (33.4/s)
[train_readout] game  380 seed 30379  won     safe 71/71 turns 104 overrides  69 | turns so far 25,385 (33.6/s)
[train_readout] game  390 seed 30389  lost    safe 69/71 turns  34 overrides  20 | turns so far 25,946 (33.7/s)
[train_readout] game  400 seed 30399  lost    safe 31/71 turns   9 overrides   4 | turns so far 26,575 (33.5/s)
[train_readout] game  410 seed 30409  lost    safe 54/71 turns  15 overrides  10 | turns so far 27,261 (33.2/s)
[train_readout] game  420 seed 30419  lost    safe 70/71 turns 115 overrides  78 | turns so far 27,784 (32.5/s)
[train_readout] game  430 seed 30429  won     safe 71/71 turns  99 overrides  67 | turns so far 28,544 (32.1/s)
[train_readout] game  440 seed 30439  lost    safe 60/71 turns  10 overrides   5 | turns so far 29,250 (32.0/s)
[train_readout] game  450 seed 30449  won     safe 71/71 turns  59 overrides  38 | turns so far 29,923 (32.0/s)
[train_readout] game  460 seed 30459  won     safe 71/71 turns  48 overrides  32 | turns so far 30,510 (31.9/s)
[train_readout] game  470 seed 30469  won     safe 71/71 turns  38 overrides  26 | turns so far 31,097 (31.9/s)
[train_readout] game  480 seed 30479  won     safe 71/71 turns  47 overrides  38 | turns so far 31,695 (31.9/s)
[train_readout] game  485 seed 30484  won     safe 71/71 turns 114 overrides  85 | turns so far 32,044 (31.9/s)
[train_readout] saved 32,044 turns from 485 games (seeds 30000..30484) to outputs/training/run2_ego in 1003.7s; teacher actions {'up': 5731, 'down': 6098, 'left': 6202, 'right': 5392, 'reveal': 8398, 'jump': 223}
