[train_readout] data outputs/training/run2_ego: 32,044 turns from 485 games (seeds 30000..30484); features 27,147 = 27,147 cells x 1 window(s) from groups ['dn', 'vp', 'cx', 'mbon', 't4', 't5']; train 25,770 turns / 388 games, held-out 6,274 turns / 97 games
[train_readout] ridge: fold 1/3 done (85s)
[train_readout] ridge: fold 2/3 done (157s)
[train_readout] ridge: fold 3/3 done (231s)
[train_readout] ridge/brain: ridge CV accuracy by alpha 10: 0.270, 100: 0.275, 1000: 0.297, 10000: 0.377, 100000: 0.456, 1e+06: 0.427 -> alpha 100000
[train_readout] ridge/diag:cursor_row: ridge CV accuracy by alpha 10: 0.446, 100: 0.458, 1000: 0.535, 10000: 0.668, 100000: 0.694, 1e+06: 0.645 -> alpha 100000
[train_readout] ridge/diag:cursor_col: ridge CV accuracy by alpha 10: 0.463, 100: 0.477, 1000: 0.554, 10000: 0.684, 100000: 0.708, 1e+06: 0.671 -> alpha 100000
[train_readout] ridge/diag:cell_under_cursor_hidden: ridge CV accuracy by alpha 10: 0.849, 100: 0.857, 1000: 0.895, 10000: 0.943, 100000: 0.947, 1e+06: 0.919 -> alpha 100000
[train_readout] ridge/diag:cursor_left_half: ridge CV accuracy by alpha 10: 0.867, 100: 0.875, 1000: 0.914, 10000: 0.951, 100000: 0.952, 1e+06: 0.941 -> alpha 100000
[train_readout] ridge/shuffled: ridge CV accuracy by alpha 10: 0.206, 100: 0.207, 1000: 0.207, 10000: 0.207, 100000: 0.230, 1e+06: 0.264 -> alpha 1e+06
[train_readout] ridge: ridge for 6 target(s) in 339s
[train_readout] brain readout: chose ridge {'alpha': 100000.0} (CV 0.456)
[train_readout] brain readout held-out accuracy 0.446 (balanced 0.348); majority 0.252
[train_readout] diagnostic cursor_row: held-out accuracy 0.718 vs majority 0.130
[train_readout] diagnostic cursor_col: held-out accuracy 0.708 vs majority 0.135
[train_readout] diagnostic cell_under_cursor_hidden: held-out accuracy 0.955 vs majority 0.513
[train_readout] diagnostic cursor_left_half: held-out accuracy 0.953 vs majority 0.559
[train_readout] shuffled-label control held-out accuracy 0.253
[train_readout] board_3x3: logreg CV accuracy by C 0.01: 0.519, 0.1: 0.519, 1: 0.519, 10: 0.519 -> C 0.01
[train_readout] board_3x3: logreg done in 0s
[train_readout] board_3x3: chose logreg {'C': 0.01} (CV 0.519)
[train_readout] board_3x3 control (135 features) held-out accuracy 0.505
[train_readout] board_full: logreg CV accuracy by C 0.01: 0.317, 0.1: 0.304, 1: 0.301, 10: 0.298 -> C 0.01
[train_readout] board_full: logreg done in 4s
[train_readout] board_full: chose logreg {'C': 0.01} (CV 0.317)
[train_readout] board_full control (1053 features) held-out accuracy 0.337
[train_readout] saved readout to outputs/training/run2_ego/readout_E.npz; report outputs/training/run2_ego/readout_report_E_ego_plus_t4t5_w1.md
